Archive member included to satisfy reference by file (symbol)

d:/software/rt-threadstudio/repo/extract/toolchain_support_packages/arm/gnu_tools_for_arm_embedded_processors/10.2.1/bin/../lib/gcc/arm-none-eabi/10.2.1/../../../../arm-none-eabi/lib/thumb/v7e-m+dp/hard\libc.a(lib_a-atoi.o)
                              ./rt-thread/components/finsh/msh_file.o (atoi)
d:/software/rt-threadstudio/repo/extract/toolchain_support_packages/arm/gnu_tools_for_arm_embedded_processors/10.2.1/bin/../lib/gcc/arm-none-eabi/10.2.1/../../../../arm-none-eabi/lib/thumb/v7e-m+dp/hard\libc.a(lib_a-exit.o)
                              d:/software/rt-threadstudio/repo/extract/toolchain_support_packages/arm/gnu_tools_for_arm_embedded_processors/10.2.1/bin/../lib/gcc/arm-none-eabi/10.2.1/../../../../arm-none-eabi/lib/thumb/v7e-m+dp/hard/crt0.o (exit)
d:/software/rt-threadstudio/repo/extract/toolchain_support_packages/arm/gnu_tools_for_arm_embedded_processors/10.2.1/bin/../lib/gcc/arm-none-eabi/10.2.1/../../../../arm-none-eabi/lib/thumb/v7e-m+dp/hard\libc.a(lib_a-impure.o)
                              d:/software/rt-threadstudio/repo/extract/toolchain_support_packages/arm/gnu_tools_for_arm_embedded_processors/10.2.1/bin/../lib/gcc/arm-none-eabi/10.2.1/../../../../arm-none-eabi/lib/thumb/v7e-m+dp/hard\libc.a(lib_a-exit.o) (_global_impure_ptr)
d:/software/rt-threadstudio/repo/extract/toolchain_support_packages/arm/gnu_tools_for_arm_embedded_processors/10.2.1/bin/../lib/gcc/arm-none-eabi/10.2.1/../../../../arm-none-eabi/lib/thumb/v7e-m+dp/hard\libc.a(lib_a-memcmp.o)
                              ./rt-thread/components/finsh/shell.o (memcmp)
d:/software/rt-threadstudio/repo/extract/toolchain_support_packages/arm/gnu_tools_for_arm_embedded_processors/10.2.1/bin/../lib/gcc/arm-none-eabi/10.2.1/../../../../arm-none-eabi/lib/thumb/v7e-m+dp/hard\libc.a(lib_a-memmove.o)
                              ./rt-thread/components/finsh/shell.o (memmove)
d:/software/rt-threadstudio/repo/extract/toolchain_support_packages/arm/gnu_tools_for_arm_embedded_processors/10.2.1/bin/../lib/gcc/arm-none-eabi/10.2.1/../../../../arm-none-eabi/lib/thumb/v7e-m+dp/hard\libc.a(lib_a-memset.o)
                              d:/software/rt-threadstudio/repo/extract/toolchain_support_packages/arm/gnu_tools_for_arm_embedded_processors/10.2.1/bin/../lib/gcc/arm-none-eabi/10.2.1/../../../../arm-none-eabi/lib/thumb/v7e-m+dp/hard/crt0.o (memset)
d:/software/rt-threadstudio/repo/extract/toolchain_support_packages/arm/gnu_tools_for_arm_embedded_processors/10.2.1/bin/../lib/gcc/arm-none-eabi/10.2.1/../../../../arm-none-eabi/lib/thumb/v7e-m+dp/hard\libc.a(lib_a-strcmp.o)
                              ./rt-thread/components/finsh/msh_file.o (strcmp)
d:/software/rt-threadstudio/repo/extract/toolchain_support_packages/arm/gnu_tools_for_arm_embedded_processors/10.2.1/bin/../lib/gcc/arm-none-eabi/10.2.1/../../../../arm-none-eabi/lib/thumb/v7e-m+dp/hard\libc.a(lib_a-strcpy.o)
                              ./rt-thread/components/finsh/msh.o (strcpy)
d:/software/rt-threadstudio/repo/extract/toolchain_support_packages/arm/gnu_tools_for_arm_embedded_processors/10.2.1/bin/../lib/gcc/arm-none-eabi/10.2.1/../../../../arm-none-eabi/lib/thumb/v7e-m+dp/hard\libc.a(lib_a-strlen.o)
                              ./rt-thread/src/kservice.o (strlen)
d:/software/rt-threadstudio/repo/extract/toolchain_support_packages/arm/gnu_tools_for_arm_embedded_processors/10.2.1/bin/../lib/gcc/arm-none-eabi/10.2.1/../../../../arm-none-eabi/lib/thumb/v7e-m+dp/hard\libc.a(lib_a-strncmp.o)
                              ./rt-thread/src/object.o (strncmp)
d:/software/rt-threadstudio/repo/extract/toolchain_support_packages/arm/gnu_tools_for_arm_embedded_processors/10.2.1/bin/../lib/gcc/arm-none-eabi/10.2.1/../../../../arm-none-eabi/lib/thumb/v7e-m+dp/hard\libc.a(lib_a-strncpy.o)
                              ./rt-thread/src/object.o (strncpy)
d:/software/rt-threadstudio/repo/extract/toolchain_support_packages/arm/gnu_tools_for_arm_embedded_processors/10.2.1/bin/../lib/gcc/arm-none-eabi/10.2.1/../../../../arm-none-eabi/lib/thumb/v7e-m+dp/hard\libc.a(lib_a-strrchr.o)
                              ./rt-thread/components/dfs/src/dfs_file.o (strrchr)
d:/software/rt-threadstudio/repo/extract/toolchain_support_packages/arm/gnu_tools_for_arm_embedded_processors/10.2.1/bin/../lib/gcc/arm-none-eabi/10.2.1/../../../../arm-none-eabi/lib/thumb/v7e-m+dp/hard\libc.a(lib_a-strstr.o)
                              ./rt-thread/components/finsh/msh_file.o (strstr)
d:/software/rt-threadstudio/repo/extract/toolchain_support_packages/arm/gnu_tools_for_arm_embedded_processors/10.2.1/bin/../lib/gcc/arm-none-eabi/10.2.1/../../../../arm-none-eabi/lib/thumb/v7e-m+dp/hard\libc.a(lib_a-strtol.o)
[...]
Memory Configuration

Name             Origin             Length             Attributes
ROM              0x08000000         0x00800000         xr
QFLASH           0x90000000         0x00800000         xr
RAM              0x24000000         0x00080000         rw
*default*        0x00000000         0xffffffff

Linker script and memory map

LOAD d:/software/rt-threadstudio/repo/extract/toolchain_support_packages/arm/gnu_tools_for_arm_embedded_processors/10.2.1/bin/../lib/gcc/arm-none-eabi/10.2.1/thumb/v7e-m+dp/hard/crti.o
LOAD d:/software/rt-threadstudio/repo/extract/toolchain_support_packages/arm/gnu_tools_for_arm_embedded_processors/10.2.1/bin/../lib/gcc/arm-none-eabi/10.2.1/thumb/v7e-m+dp/hard/crtbegin.o
LOAD d:/software/rt-threadstudio/repo/extract/toolchain_support_packages/arm/gnu_tools_for_arm_embedded_processors/10.2.1/bin/../lib/gcc/arm-none-eabi/10.2.1/../../../../arm-none-eabi/lib/thumb/v7e-m+dp/hard/crt0.o
LOAD ./rt-thread/src/clock.o
LOAD ./rt-thread/src/components.o
LOAD ./rt-thread/src/device.o
LOAD ./rt-thread/src/idle.o
LOAD ./rt-thread/src/ipc.o
LOAD ./rt-thread/src/irq.o
LOAD ./rt-thread/src/kservice.o
LOAD ./rt-thread/src/memheap.o
LOAD ./rt-thread/src/mempool.o
LOAD ./rt-thread/src/object.o
LOAD ./rt-thread/src/scheduler.o
LOAD ./rt-thread/src/thread.o
LOAD ./rt-thread/src/timer.o
LOAD ./rt-thread/libcpu/arm/cortex-m7/context_gcc.o
LOAD ./rt-thread/libcpu/arm/cortex-m7/cpu_cache.o
LOAD ./rt-thread/libcpu/arm/cortex-m7/cpuport.o
LOAD ./rt-thread/libcpu/arm/common/backtrace.o
LOAD ./rt-thread/libcpu/arm/common/div0.o
LOAD ./rt-thread/libcpu/arm/common/showmem.o
LOAD ./rt-thread/components/utilities/ulog/backend/console_be.o
LOAD ./rt-thread/components/utilities/ulog/ulog.o
LOAD ./rt-thread/components/libc/compilers/newlib/syscalls.o
LOAD ./rt-thread/components/libc/compilers/common/stdlib.o
LOAD ./rt-thread/components/libc/compilers/common/time.o
LOAD ./rt-thread/components/finsh/cmd.o
LOAD ./rt-thread/components/finsh/msh.o
LOAD ./rt-thread/components/finsh/msh_file.o
LOAD ./rt-thread/components/finsh/shell.o
LOAD ./rt-thread/components/drivers/spi/sfud/src/sfud.o
LOAD ./rt-thread/components/drivers/spi/sfud/src/sfud_sfdp.o
LOAD ./rt-thread/components/drivers/spi/spi_core.o
LOAD ./rt-thread/components/drivers/spi/spi_dev.o
LOAD ./rt-thread/components/drivers/spi/spi_flash_sfud.o
LOAD ./rt-thread/components/drivers/serial/serial.o
LOAD ./rt-thread/components/drivers/mtd/mtd_nor.o
LOAD ./rt-thread/components/drivers/misc/pin.o
LOAD ./rt-thread/components/drivers/ipc/completion.o
LOAD ./rt-thread/components/drivers/ipc/dataqueue.o
LOAD ./rt-thread/components/drivers/ipc/pipe.o
LOAD ./rt-thread/components/drivers/ipc/ringblk_buf.o
LOAD ./rt-thread/components/drivers/ipc/ringbuffer.o
LOAD ./rt-thread/components/drivers/ipc/waitqueue.o
LOAD ./rt-thread/components/drivers/ipc/workqueue.o
LOAD ./rt-thread/components/dfs/src/dfs.o
LOAD ./rt-thread/components/dfs/src/dfs_file.o
LOAD ./rt-thread/components/dfs/src/dfs_fs.o
LOAD ./rt-thread/components/dfs/src/dfs_posix.o
LOAD ./rt-thread/components/dfs/filesystems/romfs/dfs_romfs.o
LOAD ./rt-thread/components/dfs/filesystems/romfs/romfs.o
LOAD ./rt-thread/components/dfs/filesystems/devfs/devfs.o
LOAD ./libraries/drivers/drv_common.o
LOAD ./libraries/drivers/drv_gpio.o
LOAD ./libraries/drivers/drv_lcd.o
LOAD ./libraries/drivers/drv_sdio.o
LOAD ./libraries/drivers/drv_sdram.o
LOAD ./libraries/drivers/drv_spi.o
LOAD ./libraries/drivers/drv_usart.o
LOAD ./libraries/drivers/drv_wlan.o
LOAD ./libraries/STM32H7xx_HAL/STM32H7xx_HAL_Driver/Src/stm32h7xx_hal.o
LOAD ./libraries/STM32H7xx_HAL/STM32H7xx_HAL_Driver/Src/stm32h7xx_hal_adc.o
LOAD ./libraries/STM32H7xx_HAL/STM32H7xx_HAL_Driver/Src/stm32h7xx_hal_adc_ex.o
LOAD ./libraries/STM32H7xx_HAL/STM32H7xx_HAL_Driver/Src/stm32h7xx_hal_cec.o
LOAD ./libraries/STM32H7xx_HAL/STM32H7xx_HAL_Driver/Src/stm32h7xx_hal_comp.o
LOAD ./libraries/STM32H7xx_HAL/STM32H7xx_HAL_Driver/Src/stm32h7xx_hal_cortex.o
LOAD ./libraries/STM32H7xx_HAL/STM32H7xx_HAL_Driver/Src/stm32h7xx_hal_crc.o
LOAD ./libraries/STM32H7xx_HAL/STM32H7xx_HAL_Driver/Src/stm32h7xx_hal_crc_ex.o
LOAD ./libraries/STM32H7xx_HAL/STM32H7xx_HAL_Driver/Src/stm32h7xx_hal_cryp.o
LOAD ./libraries/STM32H7xx_HAL/STM32H7xx_HAL_Driver/Src/stm32h7xx_hal_cryp_ex.o
LOAD ./libraries/STM32H7xx_HAL/STM32H7xx_HAL_Driver/Src/stm32h7xx_hal_dma.o
LOAD ./libraries/STM32H7xx_HAL/STM32H7xx_HAL_Driver/Src/stm32h7xx_hal_dma_ex.o
LOAD ./libraries/STM32H7xx_HAL/STM32H7xx_HAL_Driver/Src/stm32h7xx_hal_gpio.o
LOAD ./libraries/STM32H7xx_HAL/STM32H7xx_HAL_Driver/Src/stm32h7xx_hal_mdma.o
LOAD ./libraries/STM32H7xx_HAL/STM32H7xx_HAL_Driver/Src/stm32h7xx_hal_nor.o
LOAD ./libraries/STM32H7xx_HAL/STM32H7xx_HAL_Driver/Src/stm32h7xx_hal_pwr.o
LOAD ./libraries/STM32H7xx_HAL/STM32H7xx_HAL_Driver/Src/stm32h7xx_hal_pwr_ex.o
LOAD ./libraries/STM32H7xx_HAL/STM32H7xx_HAL_Driver/Src/stm32h7xx_hal_qspi.o
LOAD ./libraries/STM32H7xx_HAL/STM32H7xx_HAL_Driver/Src/stm32h7xx_hal_rcc.o
LOAD ./libraries/STM32H7xx_HAL/STM32H7xx_HAL_Driver/Src/stm32h7xx_hal_rcc_ex.o
LOAD ./libraries/STM32H7xx_HAL/STM32H7xx_HAL_Driver/Src/stm32h7xx_hal_rng.o
LOAD ./libraries/STM32H7xx_HAL/STM32H7xx_HAL_Driver/Src/stm32h7xx_hal_spi.o
LOAD ./libraries/STM32H7xx_HAL/STM32H7xx_HAL_Driver/Src/stm32h7xx_hal_sram.o
LOAD ./libraries/STM32H7xx_HAL/STM32H7xx_HAL_Driver/Src/stm32h7xx_hal_uart.o
LOAD ./libraries/STM32H7xx_HAL/STM32H7xx_HAL_Driver/Src/stm32h7xx_hal_uart_ex.o
LOAD ./libraries/STM32H7xx_HAL/STM32H7xx_HAL_Driver/Src/stm32h7xx_hal_usart.o
LOAD ./libraries/STM32H7xx_HAL/CMSIS/Device/ST/STM32H7xx/Source/Templates/gcc/startup_stm32h750xx.o
LOAD ./libraries/STM32H7xx_HAL/CMSIS/Device/ST/STM32H7xx/Source/Templates/system_stm32h7xx.o
LOAD ./board/port/filesystem.o
LOAD ./board/CubeMX_Config/Core/Src/stm32h7xx_hal_msp.o
LOAD ./board/board.o
LOAD ./board/drv_mpu.o
LOAD ./applications/main.o
LOAD d:/software/rt-threadstudio/repo/extract/toolchain_support_packages/arm/gnu_tools_for_arm_embedded_processors/10.2.1/bin/../lib/gcc/arm-none-eabi/10.2.1/../../../../arm-none-eabi/lib/thumb/v7e-m+dp/hard\libm.a
LOAD d:/software/rt-threadstudio/repo/extract/toolchain_support_packages/arm/gnu_tools_for_arm_embedded_processors/10.2.1/bin/../lib/gcc/arm-none-eabi/10.2.1/../../../../arm-none-eabi/lib/thumb/v7e-m+dp/hard\libc.a
START GROUP
LOAD d:/software/rt-threadstudio/repo/extract/toolchain_support_packages/arm/gnu_tools_for_arm_embedded_processors/10.2.1/bin/../lib/gcc/arm-none-eabi/10.2.1/thumb/v7e-m+dp/hard\libgcc.a
LOAD d:/software/rt-threadstudio/repo/extract/toolchain_support_packages/arm/gnu_tools_for_arm_embedded_processors/10.2.1/bin/../lib/gcc/arm-none-eabi/10.2.1/../../../../arm-none-eabi/lib/thumb/v7e-m+dp/hard\libg.a
LOAD d:/software/rt-threadstudio/repo/extract/toolchain_support_packages/arm/gnu_tools_for_arm_embedded_processors/10.2.1/bin/../lib/gcc/arm-none-eabi/10.2.1/../../../../arm-none-eabi/lib/thumb/v7e-m+dp/hard\libc.a
END GROUP
LOAD d:/software/rt-threadstudio/repo/extract/toolchain_support_packages/arm/gnu_tools_for_arm_embedded_processors/10.2.1/bin/../lib/gcc/arm-none-eabi/10.2.1/thumb/v7e-m+dp/hard/crtend.o
LOAD d:/software/rt-threadstudio/repo/extract/toolchain_support_packages/arm/gnu_tools_for_arm_embedded_processors/10.2.1/bin/../lib/gcc/arm-none-eabi/10.2.1/thumb/v7e-m+dp/hard/crtn.o
                0x00000200                _system_stack_size = 0x200

.onchip_rom     0x08000000        0x0
                0x08000000                . = ALIGN (0x4)
 *bootloader_img.o(.rodata*)
                0x08000000                . = ALIGN (0x4)

.text           0x90000000    0x20128
                0x90000000                . = ALIGN (0x4)
                0x90000000                _stext = .
 *(.isr_vector)
 .isr_vector    0x90000000      0x298 ./libraries/STM32H7xx_HAL/CMSIS/Device/ST/STM32H7xx/Source/Templates/gcc/startup_stm32h750xx.o
                0x90000000                g_pfnVectors
                0x90000298                . = ALIGN (0x4)
 *(.text)
 .text          0x90000298       0x40 d:/software/rt-threadstudio/repo/extract/toolchain_support_packages/arm/gnu_tools_for_arm_embedded_processors/10.2.1/bin/../lib/gcc/arm-none-eabi/10.2.1/thumb/v7e-m+dp/hard/crtbegin.o
 .text          0x900002d8      0x13c ./rt-thread/libcpu/arm/cortex-m7/context_gcc.o
                0x900002d8                rt_hw_interrupt_disable
                0x900002e0                rt_hw_interrupt_enable
                0x900002e6                rt_hw_context_switch_interrupt
                0x900002e6                rt_hw_context_switch
                0x90000306                PendSV_Handler
                0x90000372                rt_hw_context_switch_to
                0x900003b8                rt_hw_interrupt_thread_switch
                0x900003bc                HardFault_Handler
 *fill*         0x90000414        0xc 00000000
 .text          0x90000420      0x2dc d:/software/rt-threadstudio/repo/extract/toolchain_support_packages/arm/gnu_tools_for_arm_embedded_processors/10.2.1/bin/../lib/gcc/arm-none-eabi/10.2.1/../../../../arm-none-eabi/lib/thumb/v7e-m+dp/hard\libc.a(lib_a-strcmp.o)
                0x90000428                strcmp
 *fill*         0x900006fc        0x4 00000000
 .text          0x90000700       0xdc d:/software/rt-threadstudio/repo/extract/toolchain_support_packages/arm/gnu_tools_for_arm_embedded_processors/10.2.1/bin/../lib/gcc/arm-none-eabi/10.2.1/../../../../arm-none-eabi/lib/thumb/v7e-m+dp/hard\libc.a(lib_a-strlen.o)
                0x90000700                strlen
 .text          0x900007dc       0x30 d:/software/rt-threadstudio/repo/extract/toolchain_support_packages/arm/gnu_tools_for_arm_embedded_processors/10.2.1/bin/../lib/gcc/arm-none-eabi/10.2.1/thumb/v7e-m+dp/hard\libgcc.a(_aeabi_uldivmod.o)
                0x900007dc                __aeabi_uldivmod
 .text          0x9000080c      0x2d0 d:/software/rt-threadstudio/repo/extract/toolchain_support_packages/arm/gnu_tools_for_arm_embedded_processors/10.2.1/bin/../lib/gcc/arm-none-eabi/10.2.1/thumb/v7e-m+dp/hard\libgcc.a(_udivmoddi4.o)
                0x9000080c                __udivmoddi4
 .text          0x90000adc        0x4 d:/software/rt-threadstudio/repo/extract/toolchain_support_packages/arm/gnu_tools_for_arm_embedded_processors/10.2.1/bin/../lib/gcc/arm-none-eabi/10.2.1/thumb/v7e-m+dp/hard\libgcc.a(_dvmd_tls.o)
                0x90000adc                __aeabi_idiv0
                0x90000adc                __aeabi_ldiv0
 *(.text.*)
 .text.rt_tick_get
                0x90000ae0       0x18 ./rt-thread/src/clock.o
                0x90000ae0                rt_tick_get
 .text.rt_tick_increase
                0x90000af8       0x7c ./rt-thread/src/clock.o
                0x90000af8                rt_tick_increase
 .text.rt_tick_from_millisecond
                0x90000b74       0x78 ./rt-thread/src/clock.o
                0x90000b74                rt_tick_from_millisecond
 .text.rti_start
                0x90000bec       0x10 ./rt-thread/src/components.o
 .text.rti_board_start
                0x90000bfc       0x10 ./rt-thread/src/components.o
 .text.rti_board_end
                0x90000c0c       0x10 ./rt-thread/src/components.o
 .text.rti_end  0x90000c1c       0x10 ./rt-thread/src/components.o
 .text.rt_components_board_init
                0x90000c2c       0x34 ./rt-thread/src/components.o
                0x90000c2c                rt_components_board_init
 .text.rt_components_init
                0x90000c60       0x34 ./rt-thread/src/components.o
                0x90000c60                rt_components_init
 .text.entry    0x90000c94        0xe ./rt-thread/src/components.o
                0x90000c94                entry
 .text.main_thread_entry
                0x90000ca2       0x18 ./rt-thread/src/components.o
                0x90000ca2                main_thread_entry
 *fill*         0x90000cba        0x2 00000000
 .text.rt_application_init
                0x90000cbc       0x4c ./rt-thread/src/components.o
                0x90000cbc                rt_application_init
 .text.rtthread_startup
                0x90000d08       0x2e ./rt-thread/src/components.o
                0x90000d08                rtthread_startup
 .text.rt_device_register
                0x90000d36       0x54 ./rt-thread/src/device.o
                0x90000d36                rt_device_register
 *fill*         0x90000d8a        0x2 00000000
 .text.rt_device_unregister
                0x90000d8c       0x6c ./rt-thread/src/device.o
                0x90000d8c                rt_device_unregister
 .text.rt_device_find
                0x90000df8       0x1a ./rt-thread/src/device.o
                0x90000df8                rt_device_find
 *fill*         0x90000e12        0x2 00000000
 .text.rt_device_open
                0x90000e14      0x108 ./rt-thread/src/device.o
                0x90000e14                rt_device_open
 .text.rt_device_close
                0x90000f1c       0x9c ./rt-thread/src/device.o
                0x90000f1c                rt_device_close
 .text.rt_device_read
                0x90000fb8       0x88 ./rt-thread/src/device.o
                0x90000fb8                rt_device_read
 .text.rt_device_write
                0x90001040       0x88 ./rt-thread/src/device.o
                0x90001040                rt_device_write
 .text.rt_device_control
                0x900010c8       0x68 ./rt-thread/src/device.o
                0x900010c8                rt_device_control
 .text.rt_device_set_rx_indicate
                0x90001130       0x54 ./rt-thread/src/device.o
                0x90001130                rt_device_set_rx_indicate
 .text.rt_list_insert_after
                0x90001184       0x32 ./rt-thread/src/idle.o
 .text.rt_list_remove
                0x900011b6       0x36 ./rt-thread/src/idle.o
 .text.rt_thread_defunct_enqueue
                0x900011ec       0x20 ./rt-thread/src/idle.o
                0x900011ec                rt_thread_defunct_enqueue
 .text.rt_thread_defunct_dequeue
                0x9000120c       0x44 ./rt-thread/src/idle.o
                0x9000120c                rt_thread_defunct_dequeue
 .text.rt_defunct_execute
                0x90001250       0x54 ./rt-thread/src/idle.o
 .text.rt_thread_idle_entry
                0x900012a4       0x38 ./rt-thread/src/idle.o
 .text.rt_thread_idle_init
                0x900012dc       0x78 ./rt-thread/src/idle.o
                0x900012dc                rt_thread_idle_init
 .text.rt_list_init
                0x90001354       0x22 ./rt-thread/src/ipc.o
 .text.rt_list_insert_before
                0x90001376       0x32 ./rt-thread/src/ipc.o
 .text.rt_list_isempty
                0x900013a8       0x24 ./rt-thread/src/ipc.o
 .text._ipc_object_init
                0x900013cc       0x1c ./rt-thread/src/ipc.o
 .text._ipc_list_suspend
                0x900013e8       0xa4 ./rt-thread/src/ipc.o
 .text._ipc_list_resume
                0x9000148c       0x20 ./rt-thread/src/ipc.o
 .text._ipc_list_resume_all
                0x900014ac       0x46 ./rt-thread/src/ipc.o
 *fill*         0x900014f2        0x2 00000000
 .text.rt_sem_init
                0x900014f4       0x88 ./rt-thread/src/ipc.o
                0x900014f4                rt_sem_init
 .text.rt_sem_take
                0x9000157c      0x190 ./rt-thread/src/ipc.o
                0x9000157c                rt_sem_take
 .text.rt_sem_release
                0x9000170c       0xbc ./rt-thread/src/ipc.o
                0x9000170c                rt_sem_release
 .text.rt_sem_control
                0x900017c8       0x84 ./rt-thread/src/ipc.o
                0x900017c8                rt_sem_control
 .text.rt_mutex_init
                0x9000184c       0x64 ./rt-thread/src/ipc.o
                0x9000184c                rt_mutex_init
 .text.rt_mutex_detach
                0x900018b0       0x7c ./rt-thread/src/ipc.o
                0x900018b0                rt_mutex_detach
 .text.rt_mutex_take
                0x9000192c      0x21c ./rt-thread/src/ipc.o
                0x9000192c                rt_mutex_take
 .text.rt_mutex_release
                0x90001b48      0x1bc ./rt-thread/src/ipc.o
                0x90001b48                rt_mutex_release
 .text.rt_interrupt_enter
                0x90001d04       0x40 ./rt-thread/src/irq.o
                0x90001d04                rt_interrupt_enter
 .text.rt_interrupt_leave
                0x90001d44       0x40 ./rt-thread/src/irq.o
                0x90001d44                rt_interrupt_leave
 .text.rt_interrupt_get_nest
                0x90001d84       0x28 ./rt-thread/src/irq.o
                0x90001d84                rt_interrupt_get_nest
 .text.rt_set_errno
                0x90001dac       0x40 ./rt-thread/src/kservice.o
                0x90001dac                rt_set_errno
 .text._rt_errno
                0x90001dec       0x34 ./rt-thread/src/kservice.o
                0x90001dec                _rt_errno
 .text.rt_memset
                0x90001e20       0xb6 ./rt-thread/src/kservice.o
                0x90001e20                rt_memset
 .text.rt_memcpy
                0x90001ed6       0xd2 ./rt-thread/src/kservice.o
                0x90001ed6                rt_memcpy
 .text.rt_strdup
                0x90001fa8       0x3a ./rt-thread/src/kservice.o
                0x90001fa8                rt_strdup
 *fill*         0x90001fe2        0x2 00000000
 .text.rt_show_version
                0x90001fe4       0x4c ./rt-thread/src/kservice.o
                0x90001fe4                rt_show_version
 .text.divide   0x90002030       0x68 ./rt-thread/src/kservice.o
 .text.skip_atoi
                0x90002098       0x40 ./rt-thread/src/kservice.o
 .text.print_number
                0x900020d8      0x1dc ./rt-thread/src/kservice.o
 .text.rt_vsnprintf
                0x900022b4      0x4ac ./rt-thread/src/kservice.o
                0x900022b4                rt_vsnprintf
 .text.rt_snprintf
                0x90002760       0x30 ./rt-thread/src/kservice.o
                0x90002760                rt_snprintf
 .text.rt_vsprintf
                0x90002790       0x24 ./rt-thread/src/kservice.o
                0x90002790                rt_vsprintf
 .text.rt_sprintf
                0x900027b4       0x2c ./rt-thread/src/kservice.o
                0x900027b4                rt_sprintf
 .text.rt_console_get_device
                0x900027e0       0x18 ./rt-thread/src/kservice.o
                0x900027e0                rt_console_get_device
 .text.rt_console_set_device
                0x900027f8       0x58 ./rt-thread/src/kservice.o
                0x900027f8                rt_console_set_device
 .text.rt_hw_console_output
                0x90002850       0x14 ./rt-thread/src/kservice.o
                0x90002850                rt_hw_console_output
 .text.rt_kputs
                0x90002864       0x44 ./rt-thread/src/kservice.o
                0x90002864                rt_kputs
 .text.rt_kprintf
                0x900028a8       0x60 ./rt-thread/src/kservice.o
                0x900028a8                rt_kprintf
 .text._heap_lock_init
                0x90002908       0x1c ./rt-thread/src/kservice.o
 .text._heap_lock
                0x90002924       0x28 ./rt-thread/src/kservice.o
 .text._heap_unlock
                0x9000294c       0x40 ./rt-thread/src/kservice.o
 .text.rt_system_heap_init
                0x9000298c       0x5c ./rt-thread/src/kservice.o
                0x9000298c                rt_system_heap_init
 .text.rt_malloc
                0x900029e8       0x44 ./rt-thread/src/kservice.o
                0x900029e8                rt_malloc
 .text.rt_realloc
                0x90002a2c       0x30 ./rt-thread/src/kservice.o
                0x90002a2c                rt_realloc
 .text.rt_calloc
                0x90002a5c       0x3c ./rt-thread/src/kservice.o
                0x90002a5c                rt_calloc
 .text.rt_free  0x90002a98       0x38 ./rt-thread/src/kservice.o
                0x90002a98                rt_free
 .text.rt_memory_info
                0x90002ad0       0x30 ./rt-thread/src/kservice.o
                0x90002ad0                rt_memory_info
 .text.rt_assert_handler
                0x90002b00       0x4c ./rt-thread/src/kservice.o
                0x90002b00                rt_assert_handler
 .text._remove_next_ptr
                0x90002b4c       0x3c ./rt-thread/src/memheap.o
 .text.rt_memheap_init
                0x90002b88      0x148 ./rt-thread/src/memheap.o
                0x90002b88                rt_memheap_init
 .text.rt_memheap_alloc
                0x90002cd0      0x20c ./rt-thread/src/memheap.o
                0x90002cd0                rt_memheap_alloc
 .text.rt_memheap_realloc
                0x90002edc      0x314 ./rt-thread/src/memheap.o
                0x90002edc                rt_memheap_realloc
 .text.rt_memheap_free
                0x900031f0      0x1c0 ./rt-thread/src/memheap.o
                0x900031f0                rt_memheap_free
 .text.rt_memheap_info
                0x900033b0       0x7c ./rt-thread/src/memheap.o
                0x900033b0                rt_memheap_info
 .text._memheap_alloc
                0x9000342c       0x88 ./rt-thread/src/memheap.o
                0x9000342c                _memheap_alloc
 .text._memheap_free
                0x900034b4       0x16 ./rt-thread/src/memheap.o
                0x900034b4                _memheap_free
 .text._memheap_realloc
                0x900034ca       0xa2 ./rt-thread/src/memheap.o
                0x900034ca                _memheap_realloc
 .text.rt_list_insert_after
                0x9000356c       0x32 ./rt-thread/src/object.o
 .text.rt_list_remove
                0x9000359e       0x36 ./rt-thread/src/object.o
 .text.rt_object_get_information
                0x900035d4       0x48 ./rt-thread/src/object.o
                0x900035d4                rt_object_get_information
 .text.rt_object_init
                0x9000361c       0xcc ./rt-thread/src/object.o
                0x9000361c                rt_object_init
 .text.rt_object_detach
                0x900036e8       0x5c ./rt-thread/src/object.o
                0x900036e8                rt_object_detach
 .text.rt_object_allocate
                0x90003744       0xd8 ./rt-thread/src/object.o
                0x90003744                rt_object_allocate
 .text.rt_object_delete
                0x9000381c       0x7c ./rt-thread/src/object.o
                0x9000381c                rt_object_delete
 .text.rt_object_is_systemobject
                0x90003898       0x3c ./rt-thread/src/object.o
                0x90003898                rt_object_is_systemobject
 .text.rt_object_get_type
                0x900038d4       0x34 ./rt-thread/src/object.o
                0x900038d4                rt_object_get_type
 .text.rt_object_find
                0x90003908       0xb4 ./rt-thread/src/object.o
                0x90003908                rt_object_find
 .text.rt_list_init
                0x900039bc       0x22 ./rt-thread/src/scheduler.o
 .text.rt_list_insert_before
                0x900039de       0x32 ./rt-thread/src/scheduler.o
 .text.rt_list_remove
                0x90003a10       0x36 ./rt-thread/src/scheduler.o
 .text.rt_list_isempty
                0x90003a46       0x24 ./rt-thread/src/scheduler.o
 *fill*         0x90003a6a        0x2 00000000
 .text._rt_scheduler_stack_check
                0x90003a6c       0x94 ./rt-thread/src/scheduler.o
 .text._scheduler_get_highest_priority_thread
                0x90003b00       0x38 ./rt-thread/src/scheduler.o
 .text.rt_system_scheduler_init
                0x90003b38       0x38 ./rt-thread/src/scheduler.o
                0x90003b38                rt_system_scheduler_init
 .text.rt_system_scheduler_start
                0x90003b70       0x38 ./rt-thread/src/scheduler.o
                0x90003b70                rt_system_scheduler_start
 .text.rt_schedule
                0x90003ba8      0x19c ./rt-thread/src/scheduler.o
                0x90003ba8                rt_schedule
 .text.rt_schedule_insert_thread
                0x90003d44       0xac ./rt-thread/src/scheduler.o
                0x90003d44                rt_schedule_insert_thread
 .text.rt_schedule_remove_thread
                0x90003df0       0x70 ./rt-thread/src/scheduler.o
                0x90003df0                rt_schedule_remove_thread
 .text.rt_enter_critical
                0x90003e60       0x2c ./rt-thread/src/scheduler.o
                0x90003e60                rt_enter_critical
 .text.rt_exit_critical
                0x90003e8c       0x54 ./rt-thread/src/scheduler.o
                0x90003e8c                rt_exit_critical
 .text.rt_critical_level
                0x90003ee0       0x1c ./rt-thread/src/scheduler.o
                0x90003ee0                rt_critical_level
 .text.rt_list_init
                0x90003efc       0x22 ./rt-thread/src/thread.o
 .text.rt_list_remove
                0x90003f1e       0x36 ./rt-thread/src/thread.o
 .text._thread_exit
                0x90003f54       0x42 ./rt-thread/src/thread.o
 *fill*         0x90003f96        0x2 00000000
 .text._thread_timeout
                0x90003f98       0x8c ./rt-thread/src/thread.o
 .text._thread_init
                0x90004024       0xfc ./rt-thread/src/thread.o
 .text.rt_thread_init
                0x90004120       0x70 ./rt-thread/src/thread.o
                0x90004120                rt_thread_init
 .text.rt_thread_self
                0x90004190       0x18 ./rt-thread/src/thread.o
                0x90004190                rt_thread_self
 .text.rt_thread_startup
                0x900041a8       0x94 ./rt-thread/src/thread.o
                0x900041a8                rt_thread_startup
 .text.rt_thread_detach
                0x9000423c       0xb0 ./rt-thread/src/thread.o
                0x9000423c                rt_thread_detach
 .text.rt_thread_create
                0x900042ec       0x62 ./rt-thread/src/thread.o
                0x900042ec                rt_thread_create
 *fill*         0x9000434e        0x2 00000000
 .text.rt_thread_delete
                0x90004350       0xb0 ./rt-thread/src/thread.o
                0x90004350                rt_thread_delete
 .text.rt_thread_sleep
                0x90004400       0x94 ./rt-thread/src/thread.o
                0x90004400                rt_thread_sleep
 .text.rt_thread_delay
                0x90004494       0x18 ./rt-thread/src/thread.o
                0x90004494                rt_thread_delay
 .text.rt_thread_mdelay
                0x900044ac       0x20 ./rt-thread/src/thread.o
                0x900044ac                rt_thread_mdelay
 .text.rt_thread_control
                0x900044cc       0xfc ./rt-thread/src/thread.o
                0x900044cc                rt_thread_control
 .text.rt_thread_suspend
                0x900045c8       0xc8 ./rt-thread/src/thread.o
                0x900045c8                rt_thread_suspend
 .text.rt_thread_resume
                0x90004690       0x98 ./rt-thread/src/thread.o
                0x90004690                rt_thread_resume
 .text.rt_list_init
                0x90004728       0x22 ./rt-thread/src/timer.o
 .text.rt_list_insert_after
                0x9000474a       0x32 ./rt-thread/src/timer.o
 .text.rt_list_remove
                0x9000477c       0x36 ./rt-thread/src/timer.o
 .text.rt_list_isempty
                0x900047b2       0x24 ./rt-thread/src/timer.o
 .text._timer_init
                0x900047d6       0x6a ./rt-thread/src/timer.o
 .text._timer_list_next_timeout
                0x90004840       0x48 ./rt-thread/src/timer.o
 .text._timer_remove
                0x90004888       0x36 ./rt-thread/src/timer.o
 *fill*         0x900048be        0x2 00000000
 .text.rt_timer_init
                0x900048c0       0x7c ./rt-thread/src/timer.o
                0x900048c0                rt_timer_init
 .text.rt_timer_detach
                0x9000493c       0x90 ./rt-thread/src/timer.o
                0x9000493c                rt_timer_detach
 .text.rt_timer_start
                0x900049cc      0x224 ./rt-thread/src/timer.o
                0x900049cc                rt_timer_start
 .text.rt_timer_stop
                0x90004bf0       0x94 ./rt-thread/src/timer.o
                0x90004bf0                rt_timer_stop
 .text.rt_timer_control
                0x90004c84       0xf8 ./rt-thread/src/timer.o
                0x90004c84                rt_timer_control
 .text.rt_timer_check
                0x90004d7c      0x108 ./rt-thread/src/timer.o
                0x90004d7c                rt_timer_check
 .text.rt_soft_timer_check
                0x90004e84      0x11c ./rt-thread/src/timer.o
                0x90004e84                rt_soft_timer_check
 .text._timer_thread_entry
                0x90004fa0       0x5c ./rt-thread/src/timer.o
 .text.rt_system_timer_init
                0x90004ffc       0x34 ./rt-thread/src/timer.o
                0x90004ffc                rt_system_timer_init
 .text.rt_system_timer_thread_init
                0x90005030       0x68 ./rt-thread/src/timer.o
                0x90005030                rt_system_timer_thread_init
 .text.rt_hw_stack_init
                0x90005098       0x90 ./rt-thread/libcpu/arm/cortex-m7/cpuport.o
                0x90005098                rt_hw_stack_init
 .text.usage_fault_track
                0x90005128       0xc4 ./rt-thread/libcpu/arm/cortex-m7/cpuport.o
 .text.bus_fault_track
                0x900051ec       0xcc ./rt-thread/libcpu/arm/cortex-m7/cpuport.o
 .text.mem_manage_fault_track
                0x900052b8       0xb4 ./rt-thread/libcpu/arm/cortex-m7/cpuport.o
 .text.hard_fault_track
                0x9000536c       0x78 ./rt-thread/libcpu/arm/cortex-m7/cpuport.o
 .text.rt_hw_hard_fault_exception
                0x900053e4      0x184 ./rt-thread/libcpu/arm/cortex-m7/cpuport.o
                0x900053e4                rt_hw_hard_fault_exception
 .text.__rt_ffs
                0x90005568       0x2a ./rt-thread/libcpu/arm/cortex-m7/cpuport.o
                0x90005568                __rt_ffs
 .text.ulog_console_backend_output
                0x90005592       0x50 ./rt-thread/components/utilities/ulog/backend/console_be.o
                0x90005592                ulog_console_backend_output
 *fill*         0x900055e2        0x2 00000000
 .text.ulog_console_backend_init
                0x900055e4       0x2c ./rt-thread/components/utilities/ulog/backend/console_be.o
                0x900055e4                ulog_console_backend_init
 .text.rt_slist_init
                0x90005610       0x1a ./rt-thread/components/utilities/ulog/ulog.o
 .text.rt_slist_append
                0x9000562a       0x36 ./rt-thread/components/utilities/ulog/ulog.o
 .text.rt_slist_first
                0x90005660       0x18 ./rt-thread/components/utilities/ulog/ulog.o
 .text.rt_slist_next
                0x90005678       0x18 ./rt-thread/components/utilities/ulog/ulog.o
 .text.ulog_strcpy
                0x90005690       0x74 ./rt-thread/components/utilities/ulog/ulog.o
                0x90005690                ulog_strcpy
 .text.ulog_ultoa
                0x90005704       0xb0 ./rt-thread/components/utilities/ulog/ulog.o
                0x90005704                ulog_ultoa
 .text.output_unlock
                0x900057b4       0x34 ./rt-thread/components/utilities/ulog/ulog.o
 .text.output_lock
                0x900057e8       0x38 ./rt-thread/components/utilities/ulog/ulog.o
 .text.get_log_buf
                0x90005820       0x28 ./rt-thread/components/utilities/ulog/ulog.o
 .text.ulog_formater
                0x90005848      0x2c8 ./rt-thread/components/utilities/ulog/ulog.o
                0x90005848                ulog_formater
 .text.ulog_output_to_all_backend
                0x90005b10      0x118 ./rt-thread/components/utilities/ulog/ulog.o
                0x90005b10                ulog_output_to_all_backend
 .text.do_output
                0x90005c28       0xe8 ./rt-thread/components/utilities/ulog/ulog.o
 .text.ulog_voutput
                0x90005d10       0xdc ./rt-thread/components/utilities/ulog/ulog.o
                0x90005d10                ulog_voutput
 .text.ulog_output
                0x90005dec       0x32 ./rt-thread/components/utilities/ulog/ulog.o
                0x90005dec                ulog_output
 *fill*         0x90005e1e        0x2 00000000
 .text.ulog_backend_register
                0x90005e20       0xc0 ./rt-thread/components/utilities/ulog/ulog.o
                0x90005e20                ulog_backend_register
 .text.ulog_async_output
                0x90005ee0       0xcc ./rt-thread/components/utilities/ulog/ulog.o
                0x90005ee0                ulog_async_output
 .text.ulog_async_waiting_log
                0x90005fac       0x28 ./rt-thread/components/utilities/ulog/ulog.o
                0x90005fac                ulog_async_waiting_log
 .text.async_output_thread_entry
                0x90005fd4       0x1a ./rt-thread/components/utilities/ulog/ulog.o
 *fill*         0x90005fee        0x2 00000000
 .text.ulog_init
                0x90005ff0       0x8c ./rt-thread/components/utilities/ulog/ulog.o
                0x90005ff0                ulog_init
 .text.ulog_async_init
                0x9000607c       0x68 ./rt-thread/components/utilities/ulog/ulog.o
                0x9000607c                ulog_async_init
 .text.__errno  0x900060e4        0xe ./rt-thread/components/libc/compilers/newlib/syscalls.o
                0x900060e4                __errno
 .text.rt_list_isempty
                0x900060f2       0x24 ./rt-thread/components/finsh/cmd.o
 .text.rt_list_len
                0x90006116       0x36 ./rt-thread/components/finsh/cmd.o
 .text.clear    0x9000614c       0x14 ./rt-thread/components/finsh/cmd.o
 .text.version  0x90006160        0xe ./rt-thread/components/finsh/cmd.o
                0x90006160                version
 *fill*         0x9000616e        0x2 00000000
 .text.object_split
                0x90006170       0x28 ./rt-thread/components/finsh/cmd.o
 .text.list_find_init
                0x90006198       0x46 ./rt-thread/components/finsh/cmd.o
 .text.list_get_next
                0x900061de       0xc6 ./rt-thread/components/finsh/cmd.o
 .text.list_thread
                0x900062a4      0x208 ./rt-thread/components/finsh/cmd.o
                0x900062a4                list_thread
 .text.show_wait_queue
                0x900064ac       0x54 ./rt-thread/components/finsh/cmd.o
 .text.list_sem
                0x90006500      0x12c ./rt-thread/components/finsh/cmd.o
                0x90006500                list_sem
 .text.list_event
                0x9000662c      0x118 ./rt-thread/components/finsh/cmd.o
                0x9000662c                list_event
 .text.list_mutex
                0x90006744       0xe8 ./rt-thread/components/finsh/cmd.o
                0x90006744                list_mutex
 .text.list_mailbox
                0x9000682c      0x13c ./rt-thread/components/finsh/cmd.o
                0x9000682c                list_mailbox
 .text.list_msgqueue
                0x90006968      0x12c ./rt-thread/components/finsh/cmd.o
                0x90006968                list_msgqueue
 .text.list_memheap
                0x90006a94       0xd8 ./rt-thread/components/finsh/cmd.o
                0x90006a94                list_memheap
 .text.list_mempool
                0x90006b6c      0x144 ./rt-thread/components/finsh/cmd.o
                0x90006b6c                list_mempool
 .text.list_timer
                0x90006cb0      0x128 ./rt-thread/components/finsh/cmd.o
                0x90006cb0                list_timer
 .text.list_device
                0x90006dd8       0xf0 ./rt-thread/components/finsh/cmd.o
                0x90006dd8                list_device
 .text.msh_help
                0x90006ec8       0x5c ./rt-thread/components/finsh/msh.o
                0x90006ec8                msh_help
 .text.cmd_ps   0x90006f24       0x18 ./rt-thread/components/finsh/msh.o
                0x90006f24                cmd_ps
 .text.cmd_free
                0x90006f3c       0x5c ./rt-thread/components/finsh/msh.o
                0x90006f3c                cmd_free
 .text.msh_split
                0x90006f98      0x170 ./rt-thread/components/finsh/msh.o
 .text.msh_get_cmd
                0x90007108       0x64 ./rt-thread/components/finsh/msh.o
 .text._msh_exec_cmd
                0x9000716c       0xd4 ./rt-thread/components/finsh/msh.o
 .text.msh_exec
                0x90007240       0xa0 ./rt-thread/components/finsh/msh.o
                0x90007240                msh_exec
 .text.str_common
                0x900072e0       0x4a ./rt-thread/components/finsh/msh.o
 *fill*         0x9000732a        0x2 00000000
 .text.msh_auto_complete_path
                0x9000732c      0x228 ./rt-thread/components/finsh/msh.o
                0x9000732c                msh_auto_complete_path
 .text.msh_auto_complete
                0x90007554       0xe4 ./rt-thread/components/finsh/msh.o
                0x90007554                msh_auto_complete
 .text.msh_readline
                0x90007638       0xa2 ./rt-thread/components/finsh/msh_file.o
 *fill*         0x900076da        0x2 00000000
 .text.msh_exec_script
                0x900076dc      0x17c ./rt-thread/components/finsh/msh_file.o
                0x900076dc                msh_exec_script
 .text.cmd_ls   0x90007858       0x34 ./rt-thread/components/finsh/msh_file.o
 .text.cmd_cp   0x9000788c       0x44 ./rt-thread/components/finsh/msh_file.o
 .text.cmd_mv   0x900078d0      0x138 ./rt-thread/components/finsh/msh_file.o
 .text.cmd_cat  0x90007a08       0x58 ./rt-thread/components/finsh/msh_file.o
 .text.directory_delete_for_msh
                0x90007a60      0x13c ./rt-thread/components/finsh/msh_file.o
 .text.cmd_rm   0x90007b9c      0x1c4 ./rt-thread/components/finsh/msh_file.o
 .text.cmd_cd   0x90007d60       0x58 ./rt-thread/components/finsh/msh_file.o
 .text.cmd_pwd  0x90007db8       0x24 ./rt-thread/components/finsh/msh_file.o
 .text.cmd_mkdir
                0x90007ddc       0x40 ./rt-thread/components/finsh/msh_file.o
 .text.cmd_mkfs
                0x90007e1c       0x90 ./rt-thread/components/finsh/msh_file.o
 .text.cmd_mount
                0x90007eac       0xe0 ./rt-thread/components/finsh/msh_file.o
 .text.cmd_umount
                0x90007f8c       0x64 ./rt-thread/components/finsh/msh_file.o
 .text.cmd_df   0x90007ff0       0x70 ./rt-thread/components/finsh/msh_file.o
 .text.cmd_echo
                0x90008060       0x94 ./rt-thread/components/finsh/msh_file.o
 .text.cmd_tail
                0x900080f4      0x1bc ./rt-thread/components/finsh/msh_file.o
 .text.finsh_get_prompt
                0x900082b0       0x9c ./rt-thread/components/finsh/shell.o
                0x900082b0                finsh_get_prompt
 .text.finsh_set_prompt_mode
                0x9000834c       0x48 ./rt-thread/components/finsh/shell.o
                0x9000834c                finsh_set_prompt_mode
 .text.finsh_getchar
                0x90008394       0x90 ./rt-thread/components/finsh/shell.o
                0x90008394                finsh_getchar
 .text.finsh_rx_ind
                0x90008424       0x3c ./rt-thread/components/finsh/shell.o
 .text.finsh_set_device
                0x90008460       0xd8 ./rt-thread/components/finsh/shell.o
                0x90008460                finsh_set_device
 .text.shell_auto_complete
                0x90008538       0x34 ./rt-thread/components/finsh/shell.o
 .text.shell_handle_history
                0x9000856c       0x34 ./rt-thread/components/finsh/shell.o
 .text.shell_push_history
                0x900085a0      0x15e ./rt-thread/components/finsh/shell.o
 *fill*         0x900086fe        0x2 00000000
 .text.finsh_thread_entry
                0x90008700      0x5cc ./rt-thread/components/finsh/shell.o
                0x90008700                finsh_thread_entry
 .text.finsh_system_function_init
                0x90008ccc       0x2c ./rt-thread/components/finsh/shell.o
                0x90008ccc                finsh_system_function_init
 .text.finsh_system_init
                0x90008cf8       0x9c ./rt-thread/components/finsh/shell.o
                0x90008cf8                finsh_system_init
 .text.sfud_device_init
                0x90008d94       0x78 ./rt-thread/components/drivers/spi/sfud/src/sfud.o
                0x90008d94                sfud_device_init
 .text.hardware_init
                0x90008e0c      0x300 ./rt-thread/components/drivers/spi/sfud/src/sfud.o
 .text.software_init
                0x9000910c       0x1a ./rt-thread/components/drivers/spi/sfud/src/sfud.o
 *fill*         0x90009126        0x2 00000000
 .text.sfud_read
                0x90009128       0xb8 ./rt-thread/components/drivers/spi/sfud/src/sfud.o
                0x90009128                sfud_read
 .text.sfud_chip_erase
                0x900091e0       0xd0 ./rt-thread/components/drivers/spi/sfud/src/sfud.o
                0x900091e0                sfud_chip_erase
 .text.sfud_erase
                0x900092b0      0x1f0 ./rt-thread/components/drivers/spi/sfud/src/sfud.o
                0x900092b0                sfud_erase
 .text.page256_or_1_byte_write
                0x900094a0      0x180 ./rt-thread/components/drivers/spi/sfud/src/sfud.o
 .text.aai_write
                0x90009620      0x1c0 ./rt-thread/components/drivers/spi/sfud/src/sfud.o
 .text.sfud_write
                0x900097e0       0x5c ./rt-thread/components/drivers/spi/sfud/src/sfud.o
                0x900097e0                sfud_write
 .text.sfud_erase_write
                0x9000983c       0x40 ./rt-thread/components/drivers/spi/sfud/src/sfud.o
                0x9000983c                sfud_erase_write
 .text.reset    0x9000987c       0xa4 ./rt-thread/components/drivers/spi/sfud/src/sfud.o
 .text.read_jedec_id
                0x90009920       0x68 ./rt-thread/components/drivers/spi/sfud/src/sfud.o
 .text.set_write_enabled
                0x90009988       0xb4 ./rt-thread/components/drivers/spi/sfud/src/sfud.o
 .text.set_4_byte_address_mode
                0x90009a3c       0x98 ./rt-thread/components/drivers/spi/sfud/src/sfud.o
 .text.sfud_read_status
                0x90009ad4       0x30 ./rt-thread/components/drivers/spi/sfud/src/sfud.o
                0x90009ad4                sfud_read_status
 .text.wait_busy
                0x90009b04       0x88 ./rt-thread/components/drivers/spi/sfud/src/sfud.o
 .text.make_adress_byte_array
                0x90009b8c       0x5a ./rt-thread/components/drivers/spi/sfud/src/sfud.o
 *fill*         0x90009be6        0x2 00000000
 .text.sfud_write_status
                0x90009be8       0x94 ./rt-thread/components/drivers/spi/sfud/src/sfud.o
                0x90009be8                sfud_write_status
 .text.sfud_read_sfdp
                0x90009c7c       0x5c ./rt-thread/components/drivers/spi/sfud/src/sfud_sfdp.o
                0x90009c7c                sfud_read_sfdp
 .text.read_sfdp_header
                0x90009cd8       0xa8 ./rt-thread/components/drivers/spi/sfud/src/sfud_sfdp.o
 .text.read_basic_header
                0x90009d80       0xc8 ./rt-thread/components/drivers/spi/sfud/src/sfud_sfdp.o
 .text.read_basic_table
                0x90009e48      0x36c ./rt-thread/components/drivers/spi/sfud/src/sfud_sfdp.o
 .text.read_sfdp_data
                0x9000a1b4       0x4e ./rt-thread/components/drivers/spi/sfud/src/sfud_sfdp.o
 .text.sfud_sfdp_get_suitable_eraser
                0x9000a202       0x8e ./rt-thread/components/drivers/spi/sfud/src/sfud_sfdp.o
                0x9000a202                sfud_sfdp_get_suitable_eraser
 .text.rt_spi_configure
                0x9000a290       0x94 ./rt-thread/components/drivers/spi/spi_core.o
                0x9000a290                rt_spi_configure
 .text.rt_spi_send_then_recv
                0x9000a324      0x148 ./rt-thread/components/drivers/spi/spi_core.o
                0x9000a324                rt_spi_send_then_recv
 .text.rt_spi_transfer
                0x9000a46c      0x108 ./rt-thread/components/drivers/spi/spi_core.o
                0x9000a46c                rt_spi_transfer
 .text.rt_spi_recv
                0x9000a574       0x22 ./rt-thread/components/drivers/spi/spi_flash_sfud.o
 .text.rt_spi_send
                0x9000a596       0x22 ./rt-thread/components/drivers/spi/spi_flash_sfud.o
 .text.rt_sfud_control
                0x9000a5b8       0xf0 ./rt-thread/components/drivers/spi/spi_flash_sfud.o
 .text.rt_sfud_read
                0x9000a6a8       0x94 ./rt-thread/components/drivers/spi/spi_flash_sfud.o
 .text.rt_sfud_write
                0x9000a73c       0x94 ./rt-thread/components/drivers/spi/spi_flash_sfud.o
 .text.spi_write_read
                0x9000a7d0      0x100 ./rt-thread/components/drivers/spi/spi_flash_sfud.o
 .text.spi_lock
                0x9000a8d0       0x6c ./rt-thread/components/drivers/spi/spi_flash_sfud.o
 .text.spi_unlock
                0x9000a93c       0x68 ./rt-thread/components/drivers/spi/spi_flash_sfud.o
 .text.retry_delay_100us
                0x9000a9a4        0xe ./rt-thread/components/drivers/spi/spi_flash_sfud.o
 *fill*         0x9000a9b2        0x2 00000000
 .text.sfud_spi_port_init
                0x9000a9b4       0x68 ./rt-thread/components/drivers/spi/spi_flash_sfud.o
                0x9000a9b4                sfud_spi_port_init
 .text.rt_sfud_flash_probe_ex
                0x9000aa1c      0x25c ./rt-thread/components/drivers/spi/spi_flash_sfud.o
                0x9000aa1c                rt_sfud_flash_probe_ex
 .text.rt_sfud_flash_probe
                0x9000ac78       0x3c ./rt-thread/components/drivers/spi/spi_flash_sfud.o
                0x9000ac78                rt_sfud_flash_probe
 .text.rt_sfud_flash_delete
                0x9000acb4       0x7c ./rt-thread/components/drivers/spi/spi_flash_sfud.o
                0x9000acb4                rt_sfud_flash_delete
 .text.sf       0x9000ad30      0x880 ./rt-thread/components/drivers/spi/spi_flash_sfud.o
 .text._serial_poll_rx
                0x9000b5b0       0x80 ./rt-thread/components/drivers/serial/serial.o
 .text._serial_poll_tx
                0x9000b630       0x7c ./rt-thread/components/drivers/serial/serial.o
 .text._serial_int_rx
                0x9000b6ac       0xd8 ./rt-thread/components/drivers/serial/serial.o
 .text._serial_int_tx
                0x9000b784       0xc4 ./rt-thread/components/drivers/serial/serial.o
 .text._serial_check_buffer_size
                0x9000b848       0x20 ./rt-thread/components/drivers/serial/serial.o
 .text._serial_fifo_calc_recved_len
                0x9000b868       0x88 ./rt-thread/components/drivers/serial/serial.o
 .text.rt_dma_calc_recved_len
                0x9000b8f0       0x18 ./rt-thread/components/drivers/serial/serial.o
 .text.rt_dma_recv_update_get_index
                0x9000b908       0xa4 ./rt-thread/components/drivers/serial/serial.o
 .text.rt_dma_recv_update_put_index
                0x9000b9ac       0xf8 ./rt-thread/components/drivers/serial/serial.o
 .text._serial_dma_rx
                0x9000baa4      0x198 ./rt-thread/components/drivers/serial/serial.o
 .text._serial_dma_tx
                0x9000bc3c       0x70 ./rt-thread/components/drivers/serial/serial.o
 .text.rt_serial_init
                0x9000bcac       0x5c ./rt-thread/components/drivers/serial/serial.o
 .text.rt_serial_open
                0x9000bd08      0x370 ./rt-thread/components/drivers/serial/serial.o
 .text.rt_serial_close
                0x9000c078      0x1e0 ./rt-thread/components/drivers/serial/serial.o
 .text.rt_serial_read
                0x9000c258       0x84 ./rt-thread/components/drivers/serial/serial.o
 .text.rt_serial_write
                0x9000c2dc       0x84 ./rt-thread/components/drivers/serial/serial.o
 .text.rt_serial_control
                0x9000c360       0xd8 ./rt-thread/components/drivers/serial/serial.o
 .text.rt_hw_serial_register
                0x9000c438       0x9c ./rt-thread/components/drivers/serial/serial.o
                0x9000c438                rt_hw_serial_register
 .text.rt_hw_serial_isr
                0x9000c4d4      0x260 ./rt-thread/components/drivers/serial/serial.o
                0x9000c4d4                rt_hw_serial_isr
 .text._pin_read
                0x9000c734       0x60 ./rt-thread/components/drivers/misc/pin.o
 .text._pin_write
                0x9000c794       0x5c ./rt-thread/components/drivers/misc/pin.o
 .text._pin_control
                0x9000c7f0       0x58 ./rt-thread/components/drivers/misc/pin.o
 .text.rt_device_pin_register
                0x9000c848       0x74 ./rt-thread/components/drivers/misc/pin.o
                0x9000c848                rt_device_pin_register
 .text.rt_pin_mode
                0x9000c8bc       0x40 ./rt-thread/components/drivers/misc/pin.o
                0x9000c8bc                rt_pin_mode
 .text.rt_pin_write
                0x9000c8fc       0x40 ./rt-thread/components/drivers/misc/pin.o
                0x9000c8fc                rt_pin_write
 .text.rt_list_init
                0x9000c93c       0x22 ./rt-thread/components/drivers/ipc/completion.o
 .text.rt_list_insert_before
                0x9000c95e       0x32 ./rt-thread/components/drivers/ipc/completion.o
 .text.rt_list_isempty
                0x9000c990       0x24 ./rt-thread/components/drivers/ipc/completion.o
 .text.rt_completion_init
                0x9000c9b4       0x44 ./rt-thread/components/drivers/ipc/completion.o
                0x9000c9b4                rt_completion_init
 .text.rt_completion_wait
                0x9000c9f8      0x15c ./rt-thread/components/drivers/ipc/completion.o
                0x9000c9f8                rt_completion_wait
 .text.rt_completion_done
                0x9000cb54       0x70 ./rt-thread/components/drivers/ipc/completion.o
                0x9000cb54                rt_completion_done
 .text.rt_list_init
                0x9000cbc4       0x22 ./rt-thread/components/drivers/ipc/dataqueue.o
 .text.rt_list_insert_before
                0x9000cbe6       0x32 ./rt-thread/components/drivers/ipc/dataqueue.o
 .text.rt_list_isempty
                0x9000cc18       0x24 ./rt-thread/components/drivers/ipc/dataqueue.o
 .text.rt_data_queue_init
                0x9000cc3c       0xc0 ./rt-thread/components/drivers/ipc/dataqueue.o
                0x9000cc3c                rt_data_queue_init
 .text.rt_data_queue_push
                0x9000ccfc      0x250 ./rt-thread/components/drivers/ipc/dataqueue.o
                0x9000ccfc                rt_data_queue_push
 .text.rt_data_queue_pop
                0x9000cf4c      0x2ac ./rt-thread/components/drivers/ipc/dataqueue.o
                0x9000cf4c                rt_data_queue_pop
 .text.rt_data_queue_peek
                0x9000d1f8       0xa4 ./rt-thread/components/drivers/ipc/dataqueue.o
                0x9000d1f8                rt_data_queue_peek
 .text.rt_data_queue_reset
                0x9000d29c       0xfc ./rt-thread/components/drivers/ipc/dataqueue.o
                0x9000d29c                rt_data_queue_reset
 .text.rt_data_queue_deinit
                0x9000d398       0x70 ./rt-thread/components/drivers/ipc/dataqueue.o
                0x9000d398                rt_data_queue_deinit
 .text.rt_data_queue_len
                0x9000d408       0xc4 ./rt-thread/components/drivers/ipc/dataqueue.o
                0x9000d408                rt_data_queue_len
 .text.rt_slist_init
                0x9000d4cc       0x1a ./rt-thread/components/drivers/ipc/ringblk_buf.o
 .text.rt_slist_insert
                0x9000d4e6       0x24 ./rt-thread/components/drivers/ipc/ringblk_buf.o
 .text.rt_slist_remove
                0x9000d50a       0x48 ./rt-thread/components/drivers/ipc/ringblk_buf.o
 .text.rt_slist_first
                0x9000d552       0x18 ./rt-thread/components/drivers/ipc/ringblk_buf.o
 .text.rt_slist_next
                0x9000d56a       0x18 ./rt-thread/components/drivers/ipc/ringblk_buf.o
 .text.rt_slist_isempty
                0x9000d582       0x22 ./rt-thread/components/drivers/ipc/ringblk_buf.o
 .text.rt_rbb_init
                0x9000d5a4       0xec ./rt-thread/components/drivers/ipc/ringblk_buf.o
                0x9000d5a4                rt_rbb_init
 .text.rt_rbb_create
                0x9000d690       0x7a ./rt-thread/components/drivers/ipc/ringblk_buf.o
                0x9000d690                rt_rbb_create
 *fill*         0x9000d70a        0x2 00000000
 .text.find_empty_blk_in_set
                0x9000d70c       0x70 ./rt-thread/components/drivers/ipc/ringblk_buf.o
 .text.list_append
                0x9000d77c       0x2a ./rt-thread/components/drivers/ipc/ringblk_buf.o
 .text.list_remove
                0x9000d7a6       0x64 ./rt-thread/components/drivers/ipc/ringblk_buf.o
 *fill*         0x9000d80a        0x2 00000000
 .text.rt_rbb_blk_alloc
                0x9000d80c      0x1c4 ./rt-thread/components/drivers/ipc/ringblk_buf.o
                0x9000d80c                rt_rbb_blk_alloc
 .text.rt_rbb_blk_put
                0x9000d9d0       0x48 ./rt-thread/components/drivers/ipc/ringblk_buf.o
                0x9000d9d0                rt_rbb_blk_put
 .text.rt_rbb_blk_get
                0x9000da18       0x88 ./rt-thread/components/drivers/ipc/ringblk_buf.o
                0x9000da18                rt_rbb_blk_get
 .text.rt_rbb_blk_free
                0x9000daa0       0x8c ./rt-thread/components/drivers/ipc/ringblk_buf.o
                0x9000daa0                rt_rbb_blk_free
 .text.rt_ringbuffer_status
                0x9000db2c       0x4e ./rt-thread/components/drivers/ipc/ringbuffer.o
 *fill*         0x9000db7a        0x2 00000000
 .text.rt_ringbuffer_put
                0x9000db7c      0x16c ./rt-thread/components/drivers/ipc/ringbuffer.o
                0x9000db7c                rt_ringbuffer_put
 .text.rt_ringbuffer_get
                0x9000dce8      0x15c ./rt-thread/components/drivers/ipc/ringbuffer.o
                0x9000dce8                rt_ringbuffer_get
 .text.rt_ringbuffer_data_len
                0x9000de44       0x66 ./rt-thread/components/drivers/ipc/ringbuffer.o
                0x9000de44                rt_ringbuffer_data_len
 *fill*         0x9000deaa        0x2 00000000
 .text.dfs_init
                0x9000deac       0x9c ./rt-thread/components/dfs/src/dfs.o
                0x9000deac                dfs_init
 .text.dfs_lock
                0x9000df48       0x48 ./rt-thread/components/dfs/src/dfs.o
                0x9000df48                dfs_lock
 .text.dfs_unlock
                0x9000df90       0x14 ./rt-thread/components/dfs/src/dfs.o
                0x9000df90                dfs_unlock
 .text.fd_alloc
                0x9000dfa4      0x110 ./rt-thread/components/dfs/src/dfs.o
 .text.fd_new   0x9000e0b4       0x6c ./rt-thread/components/dfs/src/dfs.o
                0x9000e0b4                fd_new
 .text.fd_get   0x9000e120       0x6e ./rt-thread/components/dfs/src/dfs.o
                0x9000e120                fd_get
 *fill*         0x9000e18e        0x2 00000000
 .text.fd_put   0x9000e190       0x88 ./rt-thread/components/dfs/src/dfs.o
                0x9000e190                fd_put
 .text.fd_is_open
                0x9000e218       0xe6 ./rt-thread/components/dfs/src/dfs.o
                0x9000e218                fd_is_open
 .text.dfs_subdir
                0x9000e2fe       0x50 ./rt-thread/components/dfs/src/dfs.o
                0x9000e2fe                dfs_subdir
 *fill*         0x9000e34e        0x2 00000000
 .text.dfs_normalize_path
                0x9000e350      0x208 ./rt-thread/components/dfs/src/dfs.o
                0x9000e350                dfs_normalize_path
 .text.dfs_fdtable_get
                0x9000e558       0x1c ./rt-thread/components/dfs/src/dfs.o
                0x9000e558                dfs_fdtable_get
 .text.list_fd  0x9000e574      0x180 ./rt-thread/components/dfs/src/dfs.o
                0x9000e574                list_fd
 .text.dfs_file_open
                0x9000e6f4      0x148 ./rt-thread/components/dfs/src/dfs_file.o
                0x9000e6f4                dfs_file_open
 .text.dfs_file_close
                0x9000e83c       0x52 ./rt-thread/components/dfs/src/dfs_file.o
                0x9000e83c                dfs_file_close
 .text.dfs_file_read
                0x9000e88e       0x58 ./rt-thread/components/dfs/src/dfs_file.o
                0x9000e88e                dfs_file_read
 .text.dfs_file_getdents
                0x9000e8e6       0x48 ./rt-thread/components/dfs/src/dfs_file.o
                0x9000e8e6                dfs_file_getdents
 *fill*         0x9000e92e        0x2 00000000
 .text.dfs_file_unlink
                0x9000e930       0xcc ./rt-thread/components/dfs/src/dfs_file.o
                0x9000e930                dfs_file_unlink
 .text.dfs_file_write
                0x9000e9fc       0x40 ./rt-thread/components/dfs/src/dfs_file.o
                0x9000e9fc                dfs_file_write
 .text.dfs_file_lseek
                0x9000ea3c       0x4a ./rt-thread/components/dfs/src/dfs_file.o
                0x9000ea3c                dfs_file_lseek
 *fill*         0x9000ea86        0x2 00000000
 .text.dfs_file_stat
                0x9000ea88      0x124 ./rt-thread/components/dfs/src/dfs_file.o
                0x9000ea88                dfs_file_stat
 .text.dfs_file_rename
                0x9000ebac       0xda ./rt-thread/components/dfs/src/dfs_file.o
                0x9000ebac                dfs_file_rename
 *fill*         0x9000ec86        0x2 00000000
 .text.ls       0x9000ec88      0x120 ./rt-thread/components/dfs/src/dfs_file.o
                0x9000ec88                ls
 .text.cat      0x9000eda8       0x7c ./rt-thread/components/dfs/src/dfs_file.o
                0x9000eda8                cat
 .text.copyfile
                0x9000ee24       0xe0 ./rt-thread/components/dfs/src/dfs_file.o
 .text.copydir  0x9000ef04      0x1b8 ./rt-thread/components/dfs/src/dfs_file.o
 .text._get_path_lastname
                0x9000f0bc       0x2c ./rt-thread/components/dfs/src/dfs_file.o
 .text.copy     0x9000f0e8      0x15c ./rt-thread/components/dfs/src/dfs_file.o
                0x9000f0e8                copy
 .text.dfs_register
                0x9000f244       0xb8 ./rt-thread/components/dfs/src/dfs_fs.o
                0x9000f244                dfs_register
 .text.dfs_filesystem_lookup
                0x9000f2fc       0xc4 ./rt-thread/components/dfs/src/dfs_fs.o
                0x9000f2fc                dfs_filesystem_lookup
 .text.dfs_mount
                0x9000f3c0      0x23c ./rt-thread/components/dfs/src/dfs_fs.o
                0x9000f3c0                dfs_mount
 .text.dfs_unmount
                0x9000f5fc       0xe0 ./rt-thread/components/dfs/src/dfs_fs.o
                0x9000f5fc                dfs_unmount
 .text.dfs_mkfs
                0x9000f6dc       0xf4 ./rt-thread/components/dfs/src/dfs_fs.o
                0x9000f6dc                dfs_mkfs
 .text.dfs_statfs
                0x9000f7d0       0x3e ./rt-thread/components/dfs/src/dfs_fs.o
                0x9000f7d0                dfs_statfs
 *fill*         0x9000f80e        0x2 00000000
 .text.df       0x9000f810      0x1d0 ./rt-thread/components/dfs/src/dfs_fs.o
                0x9000f810                df
 .text.open     0x9000f9e0       0x6c ./rt-thread/components/dfs/src/dfs_posix.o
                0x9000f9e0                open
 .text.close    0x9000fa4c       0x54 ./rt-thread/components/dfs/src/dfs_posix.o
                0x9000fa4c                close
 .text.read     0x9000faa0       0x5c ./rt-thread/components/dfs/src/dfs_posix.o
                0x9000faa0                read
 .text.write    0x9000fafc       0x5c ./rt-thread/components/dfs/src/dfs_posix.o
                0x9000fafc                write
 .text.lseek    0x9000fb58       0xba ./rt-thread/components/dfs/src/dfs_posix.o
                0x9000fb58                lseek
 .text.rename   0x9000fc12       0x30 ./rt-thread/components/dfs/src/dfs_posix.o
                0x9000fc12                rename
 .text.unlink   0x9000fc42       0x2c ./rt-thread/components/dfs/src/dfs_posix.o
                0x9000fc42                unlink
 .text.stat     0x9000fc6e       0x30 ./rt-thread/components/dfs/src/dfs_posix.o
                0x9000fc6e                stat
 *fill*         0x9000fc9e        0x2 00000000
 .text.mkdir    0x9000fca0       0x78 ./rt-thread/components/dfs/src/dfs_posix.o
                0x9000fca0                mkdir
 .text.opendir  0x9000fd18       0x98 ./rt-thread/components/dfs/src/dfs_posix.o
                0x9000fd18                opendir
 .text.readdir  0x9000fdb0       0xbc ./rt-thread/components/dfs/src/dfs_posix.o
                0x9000fdb0                readdir
 .text.rewinddir
                0x9000fe6c       0x52 ./rt-thread/components/dfs/src/dfs_posix.o
                0x9000fe6c                rewinddir
 .text.closedir
                0x9000febe       0x5e ./rt-thread/components/dfs/src/dfs_posix.o
                0x9000febe                closedir
 .text.chdir    0x9000ff1c       0xac ./rt-thread/components/dfs/src/dfs_posix.o
                0x9000ff1c                chdir
 .text.getcwd   0x9000ffc8       0x2c ./rt-thread/components/dfs/src/dfs_posix.o
                0x9000ffc8                getcwd
 .text.dfs_romfs_mount
                0x9000fff4       0x30 ./rt-thread/components/dfs/filesystems/romfs/dfs_romfs.o
                0x9000fff4                dfs_romfs_mount
 .text.dfs_romfs_unmount
                0x90010024       0x16 ./rt-thread/components/dfs/filesystems/romfs/dfs_romfs.o
                0x90010024                dfs_romfs_unmount
 .text.dfs_romfs_ioctl
                0x9001003a       0x1c ./rt-thread/components/dfs/filesystems/romfs/dfs_romfs.o
                0x9001003a                dfs_romfs_ioctl
 .text.check_dirent
                0x90010056       0x36 ./rt-thread/components/dfs/filesystems/romfs/dfs_romfs.o
 .text.dfs_romfs_lookup
                0x9001008c      0x194 ./rt-thread/components/dfs/filesystems/romfs/dfs_romfs.o
                0x9001008c                dfs_romfs_lookup
 .text.dfs_romfs_read
                0x90010220       0x94 ./rt-thread/components/dfs/filesystems/romfs/dfs_romfs.o
                0x90010220                dfs_romfs_read
 .text.dfs_romfs_lseek
                0x900102b4       0x30 ./rt-thread/components/dfs/filesystems/romfs/dfs_romfs.o
                0x900102b4                dfs_romfs_lseek
 .text.dfs_romfs_close
                0x900102e4       0x1c ./rt-thread/components/dfs/filesystems/romfs/dfs_romfs.o
                0x900102e4                dfs_romfs_close
 .text.dfs_romfs_open
                0x90010300       0xa0 ./rt-thread/components/dfs/filesystems/romfs/dfs_romfs.o
                0x90010300                dfs_romfs_open
 .text.dfs_romfs_stat
                0x900103a0       0x80 ./rt-thread/components/dfs/filesystems/romfs/dfs_romfs.o
                0x900103a0                dfs_romfs_stat
 .text.dfs_romfs_getdents
                0x90010420      0x104 ./rt-thread/components/dfs/filesystems/romfs/dfs_romfs.o
                0x90010420                dfs_romfs_getdents
 .text.dfs_romfs_init
                0x90010524       0x14 ./rt-thread/components/dfs/filesystems/romfs/dfs_romfs.o
                0x90010524                dfs_romfs_init
 .text.dfs_device_fs_mount
                0x90010538       0x1a ./rt-thread/components/dfs/filesystems/devfs/devfs.o
                0x90010538                dfs_device_fs_mount
 *fill*         0x90010552        0x2 00000000
 .text.dfs_device_fs_ioctl
                0x90010554       0x60 ./rt-thread/components/dfs/filesystems/devfs/devfs.o
                0x90010554                dfs_device_fs_ioctl
 .text.dfs_device_fs_read
                0x900105b4       0x68 ./rt-thread/components/dfs/filesystems/devfs/devfs.o
                0x900105b4                dfs_device_fs_read
 .text.dfs_device_fs_write
                0x9001061c       0x68 ./rt-thread/components/dfs/filesystems/devfs/devfs.o
                0x9001061c                dfs_device_fs_write
 .text.dfs_device_fs_close
                0x90010684       0x8c ./rt-thread/components/dfs/filesystems/devfs/devfs.o
                0x90010684                dfs_device_fs_close
 .text.dfs_device_fs_open
                0x90010710      0x154 ./rt-thread/components/dfs/filesystems/devfs/devfs.o
                0x90010710                dfs_device_fs_open
 .text.dfs_device_fs_stat
                0x90010864       0xf0 ./rt-thread/components/dfs/filesystems/devfs/devfs.o
                0x90010864                dfs_device_fs_stat
 .text.dfs_device_fs_getdents
                0x90010954       0xdc ./rt-thread/components/dfs/filesystems/devfs/devfs.o
                0x90010954                dfs_device_fs_getdents
 .text.dfs_device_fs_poll
                0x90010a30       0x1c ./rt-thread/components/dfs/filesystems/devfs/devfs.o
 .text.devfs_init
                0x90010a4c       0x14 ./rt-thread/components/dfs/filesystems/devfs/devfs.o
                0x90010a4c                devfs_init
 .text.__NVIC_SetPriority
                0x90010a60       0x54 ./libraries/drivers/drv_common.o
 .text.rt_hw_systick_init
                0x90010ab4       0x30 ./libraries/drivers/drv_common.o
                0x90010ab4                rt_hw_systick_init
 .text.SysTick_Handler
                0x90010ae4       0x18 ./libraries/drivers/drv_common.o
                0x90010ae4                SysTick_Handler
 .text.HAL_GetTick
                0x90010afc       0x24 ./libraries/drivers/drv_common.o
                0x90010afc                HAL_GetTick
 .text.HAL_InitTick
                0x90010b20       0x16 ./libraries/drivers/drv_common.o
                0x90010b20                HAL_InitTick
 .text._Error_Handler
                0x90010b36        0xc ./libraries/drivers/drv_common.o
                0x90010b36                _Error_Handler
 .text.hw_board_init
                0x90010b42       0x46 ./libraries/drivers/drv_common.o
                0x90010b42                hw_board_init
 .text.stm32_pin_get
                0x90010b88       0xb2 ./libraries/drivers/drv_gpio.o
 *fill*         0x90010c3a        0x2 00000000
 .text.stm32_pin_write
                0x90010c3c       0x58 ./libraries/drivers/drv_gpio.o
 .text.stm32_pin_read
                0x90010c94       0x5c ./libraries/drivers/drv_gpio.o
 .text.stm32_pin_mode
                0x90010cf0       0xb4 ./libraries/drivers/drv_gpio.o
 .text.bit2bitno
                0x90010da4       0x3e ./libraries/drivers/drv_gpio.o
 *fill*         0x90010de2        0x2 00000000
 .text.get_pin_irq_map
                0x90010de4       0x34 ./libraries/drivers/drv_gpio.o
 .text.stm32_pin_attach_irq
                0x90010e18      0x150 ./libraries/drivers/drv_gpio.o
 .text.stm32_pin_dettach_irq
                0x90010f68       0xd8 ./libraries/drivers/drv_gpio.o
 .text.stm32_pin_irq_enable
                0x90011040      0x234 ./libraries/drivers/drv_gpio.o
 .text.pin_irq_hdr
                0x90011274       0x54 ./libraries/drivers/drv_gpio.o
 .text.HAL_GPIO_EXTI_Callback
                0x900112c8       0x22 ./libraries/drivers/drv_gpio.o
                0x900112c8                HAL_GPIO_EXTI_Callback
 .text.EXTI0_IRQHandler
                0x900112ea       0x16 ./libraries/drivers/drv_gpio.o
                0x900112ea                EXTI0_IRQHandler
 .text.EXTI1_IRQHandler
                0x90011300       0x16 ./libraries/drivers/drv_gpio.o
                0x90011300                EXTI1_IRQHandler
 .text.EXTI2_IRQHandler
                0x90011316       0x16 ./libraries/drivers/drv_gpio.o
                0x90011316                EXTI2_IRQHandler
 .text.EXTI3_IRQHandler
                0x9001132c       0x16 ./libraries/drivers/drv_gpio.o
                0x9001132c                EXTI3_IRQHandler
 .text.EXTI4_IRQHandler
                0x90011342       0x16 ./libraries/drivers/drv_gpio.o
                0x90011342                EXTI4_IRQHandler
 .text.EXTI9_5_IRQHandler
                0x90011358       0x32 ./libraries/drivers/drv_gpio.o
                0x90011358                EXTI9_5_IRQHandler
 .text.EXTI15_10_IRQHandler
                0x9001138a       0x40 ./libraries/drivers/drv_gpio.o
                0x9001138a                EXTI15_10_IRQHandler
 *fill*         0x900113ca        0x2 00000000
 .text.rt_hw_pin_init
                0x900113cc      0x170 ./libraries/drivers/drv_gpio.o
                0x900113cc                rt_hw_pin_init
 .text.__NVIC_EnableIRQ
                0x9001153c       0x3c ./libraries/drivers/drv_usart.o
 .text.__NVIC_DisableIRQ
                0x90011578       0x48 ./libraries/drivers/drv_usart.o
 .text.SCB_InvalidateDCache
                0x900115c0       0x78 ./libraries/drivers/drv_usart.o
 .text.stm32_uart_clk_enable
                0x90011638       0x50 ./libraries/drivers/drv_usart.o
 .text.stm32_gpio_clk_enable
                0x90011688      0x2ac ./libraries/drivers/drv_usart.o
 .text.up_char  0x90011934       0x32 ./libraries/drivers/drv_usart.o
 *fill*         0x90011966        0x2 00000000
 .text.get_pin_by_name
                0x90011968       0x5c ./libraries/drivers/drv_usart.o
 .text.stm32_get_pin
                0x900119c4       0x38 ./libraries/drivers/drv_usart.o
 .text.stm32_gpio_configure
                0x900119fc      0x120 ./libraries/drivers/drv_usart.o
 .text.stm32_configure
                0x90011b1c      0x150 ./libraries/drivers/drv_usart.o
 .text.stm32_control
                0x90011c6c       0xa4 ./libraries/drivers/drv_usart.o
 .text.stm32_putc
                0x90011d10       0x58 ./libraries/drivers/drv_usart.o
 .text.stm32_getc
                0x90011d68       0x54 ./libraries/drivers/drv_usart.o
 .text.stm32_dma_transmit
                0x90011dbc       0x68 ./libraries/drivers/drv_usart.o
 .text.uart_isr
                0x90011e24      0x2dc ./libraries/drivers/drv_usart.o
 .text.dma_isr  0x90012100      0x3c4 ./libraries/drivers/drv_usart.o
 .text.UART4_IRQHandler
                0x900124c4       0x1c ./libraries/drivers/drv_usart.o
                0x900124c4                UART4_IRQHandler
 .text.stm32_dma_config
                0x900124e0      0x1f4 ./libraries/drivers/drv_usart.o
 .text.HAL_UART_ErrorCallback
                0x900126d4       0x30 ./libraries/drivers/drv_usart.o
                0x900126d4                HAL_UART_ErrorCallback
 .text.HAL_UART_RxCpltCallback
                0x90012704       0x3c ./libraries/drivers/drv_usart.o
                0x90012704                HAL_UART_RxCpltCallback
 .text.HAL_UART_RxHalfCpltCallback
                0x90012740       0x3c ./libraries/drivers/drv_usart.o
                0x90012740                HAL_UART_RxHalfCpltCallback
 .text.HAL_UART_TxCpltCallback
                0x9001277c       0x3c ./libraries/drivers/drv_usart.o
                0x9001277c                HAL_UART_TxCpltCallback
 .text.stm32_uart_get_dma_config
                0x900127b8       0x1c ./libraries/drivers/drv_usart.o
 .text.rt_hw_usart_init
                0x900127d4      0x108 ./libraries/drivers/drv_usart.o
                0x900127d4                rt_hw_usart_init
 .text.HAL_Init
                0x900128dc       0x70 ./libraries/STM32H7xx_HAL/STM32H7xx_HAL_Driver/Src/stm32h7xx_hal.o
                0x900128dc                HAL_Init
 .text.HAL_IncTick
                0x9001294c       0x28 ./libraries/STM32H7xx_HAL/STM32H7xx_HAL_Driver/Src/stm32h7xx_hal.o
                0x9001294c                HAL_IncTick
 .text.HAL_GetREVID
                0x90012974       0x18 ./libraries/STM32H7xx_HAL/STM32H7xx_HAL_Driver/Src/stm32h7xx_hal.o
                0x90012974                HAL_GetREVID
 .text.__NVIC_SetPriorityGrouping
                0x9001298c       0x48 ./libraries/STM32H7xx_HAL/STM32H7xx_HAL_Driver/Src/stm32h7xx_hal_cortex.o
 .text.__NVIC_GetPriorityGrouping
                0x900129d4       0x1c ./libraries/STM32H7xx_HAL/STM32H7xx_HAL_Driver/Src/stm32h7xx_hal_cortex.o
 .text.__NVIC_EnableIRQ
                0x900129f0       0x3c ./libraries/STM32H7xx_HAL/STM32H7xx_HAL_Driver/Src/stm32h7xx_hal_cortex.o
 .text.__NVIC_DisableIRQ
                0x90012a2c       0x48 ./libraries/STM32H7xx_HAL/STM32H7xx_HAL_Driver/Src/stm32h7xx_hal_cortex.o
 .text.__NVIC_SetPriority
                0x90012a74       0x54 ./libraries/STM32H7xx_HAL/STM32H7xx_HAL_Driver/Src/stm32h7xx_hal_cortex.o
 .text.NVIC_EncodePriority
                0x90012ac8       0x66 ./libraries/STM32H7xx_HAL/STM32H7xx_HAL_Driver/Src/stm32h7xx_hal_cortex.o
 *fill*         0x90012b2e        0x2 00000000
 .text.SysTick_Config
                0x90012b30       0x44 ./libraries/STM32H7xx_HAL/STM32H7xx_HAL_Driver/Src/stm32h7xx_hal_cortex.o
 .text.HAL_NVIC_SetPriorityGrouping
                0x90012b74       0x16 ./libraries/STM32H7xx_HAL/STM32H7xx_HAL_Driver/Src/stm32h7xx_hal_cortex.o
                0x90012b74                HAL_NVIC_SetPriorityGrouping
 .text.HAL_NVIC_SetPriority
                0x90012b8a       0x34 ./libraries/STM32H7xx_HAL/STM32H7xx_HAL_Driver/Src/stm32h7xx_hal_cortex.o
                0x90012b8a                HAL_NVIC_SetPriority
 .text.HAL_NVIC_EnableIRQ
                0x90012bbe       0x1c ./libraries/STM32H7xx_HAL/STM32H7xx_HAL_Driver/Src/stm32h7xx_hal_cortex.o
                0x90012bbe                HAL_NVIC_EnableIRQ
 .text.HAL_NVIC_DisableIRQ
                0x90012bda       0x1c ./libraries/STM32H7xx_HAL/STM32H7xx_HAL_Driver/Src/stm32h7xx_hal_cortex.o
                0x90012bda                HAL_NVIC_DisableIRQ
 .text.HAL_SYSTICK_Config
                0x90012bf6       0x18 ./libraries/STM32H7xx_HAL/STM32H7xx_HAL_Driver/Src/stm32h7xx_hal_cortex.o
                0x90012bf6                HAL_SYSTICK_Config
 *fill*         0x90012c0e        0x2 00000000
 .text.HAL_MPU_Disable
                0x90012c10       0x30 ./libraries/STM32H7xx_HAL/STM32H7xx_HAL_Driver/Src/stm32h7xx_hal_cortex.o
                0x90012c10                HAL_MPU_Disable
 .text.HAL_MPU_Enable
                0x90012c40       0x40 ./libraries/STM32H7xx_HAL/STM32H7xx_HAL_Driver/Src/stm32h7xx_hal_cortex.o
                0x90012c40                HAL_MPU_Enable
 .text.HAL_MPU_ConfigRegion
                0x90012c80       0x88 ./libraries/STM32H7xx_HAL/STM32H7xx_HAL_Driver/Src/stm32h7xx_hal_cortex.o
                0x90012c80                HAL_MPU_ConfigRegion
 .text.HAL_SYSTICK_CLKSourceConfig
                0x90012d08       0x38 ./libraries/STM32H7xx_HAL/STM32H7xx_HAL_Driver/Src/stm32h7xx_hal_cortex.o
                0x90012d08                HAL_SYSTICK_CLKSourceConfig
 .text.HAL_DMA_Init
                0x90012d40      0x4a4 ./libraries/STM32H7xx_HAL/STM32H7xx_HAL_Driver/Src/stm32h7xx_hal_dma.o
                0x90012d40                HAL_DMA_Init
 .text.HAL_DMA_DeInit
                0x900131e4      0x36c ./libraries/STM32H7xx_HAL/STM32H7xx_HAL_Driver/Src/stm32h7xx_hal_dma.o
                0x900131e4                HAL_DMA_DeInit
 .text.HAL_DMA_Start_IT
                0x90013550      0x3b8 ./libraries/STM32H7xx_HAL/STM32H7xx_HAL_Driver/Src/stm32h7xx_hal_dma.o
                0x90013550                HAL_DMA_Start_IT
 .text.HAL_DMA_Abort_IT
                0x90013908      0x370 ./libraries/STM32H7xx_HAL/STM32H7xx_HAL_Driver/Src/stm32h7xx_hal_dma.o
                0x90013908                HAL_DMA_Abort_IT
 .text.DMA_SetConfig
                0x90013c78      0x23c ./libraries/STM32H7xx_HAL/STM32H7xx_HAL_Driver/Src/stm32h7xx_hal_dma.o
 .text.DMA_CalcBaseAndBitshift
                0x90013eb4      0x164 ./libraries/STM32H7xx_HAL/STM32H7xx_HAL_Driver/Src/stm32h7xx_hal_dma.o
 .text.DMA_CheckFifoParam
                0x90014018       0xf8 ./libraries/STM32H7xx_HAL/STM32H7xx_HAL_Driver/Src/stm32h7xx_hal_dma.o
 .text.DMA_CalcDMAMUXChannelBaseAndMask
                0x90014110      0x134 ./libraries/STM32H7xx_HAL/STM32H7xx_HAL_Driver/Src/stm32h7xx_hal_dma.o
 .text.DMA_CalcDMAMUXRequestGenBaseAndMask
                0x90014244       0xe8 ./libraries/STM32H7xx_HAL/STM32H7xx_HAL_Driver/Src/stm32h7xx_hal_dma.o
 .text.HAL_GPIO_Init
                0x9001432c      0x360 ./libraries/STM32H7xx_HAL/STM32H7xx_HAL_Driver/Src/stm32h7xx_hal_gpio.o
                0x9001432c                HAL_GPIO_Init
 .text.HAL_GPIO_DeInit
                0x9001468c      0x214 ./libraries/STM32H7xx_HAL/STM32H7xx_HAL_Driver/Src/stm32h7xx_hal_gpio.o
                0x9001468c                HAL_GPIO_DeInit
 .text.HAL_GPIO_ReadPin
                0x900148a0       0x30 ./libraries/STM32H7xx_HAL/STM32H7xx_HAL_Driver/Src/stm32h7xx_hal_gpio.o
                0x900148a0                HAL_GPIO_ReadPin
 .text.HAL_GPIO_WritePin
                0x900148d0       0x32 ./libraries/STM32H7xx_HAL/STM32H7xx_HAL_Driver/Src/stm32h7xx_hal_gpio.o
                0x900148d0                HAL_GPIO_WritePin
 *fill*         0x90014902        0x2 00000000
 .text.HAL_GPIO_EXTI_IRQHandler
                0x90014904       0x30 ./libraries/STM32H7xx_HAL/STM32H7xx_HAL_Driver/Src/stm32h7xx_hal_gpio.o
                0x90014904                HAL_GPIO_EXTI_IRQHandler
 .text.HAL_PWREx_ConfigSupply
                0x90014934       0x70 ./libraries/STM32H7xx_HAL/STM32H7xx_HAL_Driver/Src/stm32h7xx_hal_pwr_ex.o
                0x90014934                HAL_PWREx_ConfigSupply
 .text.HAL_PWREx_EnableUSBVoltageDetector
                0x900149a4       0x20 ./libraries/STM32H7xx_HAL/STM32H7xx_HAL_Driver/Src/stm32h7xx_hal_pwr_ex.o
                0x900149a4                HAL_PWREx_EnableUSBVoltageDetector
 .text.HAL_RCC_OscConfig
                0x900149c4      0x774 ./libraries/STM32H7xx_HAL/STM32H7xx_HAL_Driver/Src/stm32h7xx_hal_rcc.o
                0x900149c4                HAL_RCC_OscConfig
 .text.HAL_RCC_ClockConfig
                0x90015138      0x348 ./libraries/STM32H7xx_HAL/STM32H7xx_HAL_Driver/Src/stm32h7xx_hal_rcc.o
                0x90015138                HAL_RCC_ClockConfig
 .text.HAL_RCC_GetSysClockFreq
                0x90015480      0x2f4 ./libraries/STM32H7xx_HAL/STM32H7xx_HAL_Driver/Src/stm32h7xx_hal_rcc.o
                0x90015480                HAL_RCC_GetSysClockFreq
 .text.HAL_RCC_GetHCLKFreq
                0x90015774       0x38 ./libraries/STM32H7xx_HAL/STM32H7xx_HAL_Driver/Src/stm32h7xx_hal_rcc.o
                0x90015774                HAL_RCC_GetHCLKFreq
 .text.HAL_RCC_GetPCLK1Freq
                0x900157ac       0x2c ./libraries/STM32H7xx_HAL/STM32H7xx_HAL_Driver/Src/stm32h7xx_hal_rcc.o
                0x900157ac                HAL_RCC_GetPCLK1Freq
 .text.HAL_RCC_GetPCLK2Freq
                0x900157d8       0x2c ./libraries/STM32H7xx_HAL/STM32H7xx_HAL_Driver/Src/stm32h7xx_hal_rcc.o
                0x900157d8                HAL_RCC_GetPCLK2Freq
 .text.HAL_RCCEx_PeriphCLKConfig
                0x90015804      0xe70 ./libraries/STM32H7xx_HAL/STM32H7xx_HAL_Driver/Src/stm32h7xx_hal_rcc_ex.o
                0x90015804                HAL_RCCEx_PeriphCLKConfig
 .text.HAL_RCCEx_GetD3PCLK1Freq
                0x90016674       0x2c ./libraries/STM32H7xx_HAL/STM32H7xx_HAL_Driver/Src/stm32h7xx_hal_rcc_ex.o
                0x90016674                HAL_RCCEx_GetD3PCLK1Freq
 .text.HAL_RCCEx_GetPLL2ClockFreq
                0x900166a0      0x2a4 ./libraries/STM32H7xx_HAL/STM32H7xx_HAL_Driver/Src/stm32h7xx_hal_rcc_ex.o
                0x900166a0                HAL_RCCEx_GetPLL2ClockFreq
 .text.HAL_RCCEx_GetPLL3ClockFreq
                0x90016944      0x2a4 ./libraries/STM32H7xx_HAL/STM32H7xx_HAL_Driver/Src/stm32h7xx_hal_rcc_ex.o
                0x90016944                HAL_RCCEx_GetPLL3ClockFreq
 .text.HAL_RCCEx_GetD1SysClockFreq
                0x90016be8       0x38 ./libraries/STM32H7xx_HAL/STM32H7xx_HAL_Driver/Src/stm32h7xx_hal_rcc_ex.o
                0x90016be8                HAL_RCCEx_GetD1SysClockFreq
 .text.RCCEx_PLL2_Config
                0x90016c20      0x164 ./libraries/STM32H7xx_HAL/STM32H7xx_HAL_Driver/Src/stm32h7xx_hal_rcc_ex.o
 .text.RCCEx_PLL3_Config
                0x90016d84      0x164 ./libraries/STM32H7xx_HAL/STM32H7xx_HAL_Driver/Src/stm32h7xx_hal_rcc_ex.o
 .text.HAL_UART_Init
                0x90016ee8       0xa0 ./libraries/STM32H7xx_HAL/STM32H7xx_HAL_Driver/Src/stm32h7xx_hal_uart.o
                0x90016ee8                HAL_UART_Init
 .text.HAL_UART_Transmit_DMA
                0x90016f88      0x100 ./libraries/STM32H7xx_HAL/STM32H7xx_HAL_Driver/Src/stm32h7xx_hal_uart.o
                0x90016f88                HAL_UART_Transmit_DMA
 .text.HAL_UART_Receive_DMA
                0x90017088      0x110 ./libraries/STM32H7xx_HAL/STM32H7xx_HAL_Driver/Src/stm32h7xx_hal_uart.o
                0x90017088                HAL_UART_Receive_DMA
 .text.HAL_UART_IRQHandler
                0x90017198      0x2fc ./libraries/STM32H7xx_HAL/STM32H7xx_HAL_Driver/Src/stm32h7xx_hal_uart.o
                0x90017198                HAL_UART_IRQHandler
 .text.HAL_UART_TxHalfCpltCallback
                0x90017494       0x14 ./libraries/STM32H7xx_HAL/STM32H7xx_HAL_Driver/Src/stm32h7xx_hal_uart.o
                0x90017494                HAL_UART_TxHalfCpltCallback
 .text.UART_SetConfig
                0x900174a8     0x26e4 ./libraries/STM32H7xx_HAL/STM32H7xx_HAL_Driver/Src/stm32h7xx_hal_uart.o
                0x900174a8                UART_SetConfig
 .text.UART_AdvFeatureConfig
                0x90019b8c      0x144 ./libraries/STM32H7xx_HAL/STM32H7xx_HAL_Driver/Src/stm32h7xx_hal_uart.o
                0x90019b8c                UART_AdvFeatureConfig
 .text.UART_CheckIdleState
                0x90019cd0       0x90 ./libraries/STM32H7xx_HAL/STM32H7xx_HAL_Driver/Src/stm32h7xx_hal_uart.o
                0x90019cd0                UART_CheckIdleState
 .text.UART_WaitOnFlagUntilTimeout
                0x90019d60      0x100 ./libraries/STM32H7xx_HAL/STM32H7xx_HAL_Driver/Src/stm32h7xx_hal_uart.o
                0x90019d60                UART_WaitOnFlagUntilTimeout
 .text.UART_EndTxTransfer
                0x90019e60       0x3c ./libraries/STM32H7xx_HAL/STM32H7xx_HAL_Driver/Src/stm32h7xx_hal_uart.o
 .text.UART_EndRxTransfer
                0x90019e9c       0x48 ./libraries/STM32H7xx_HAL/STM32H7xx_HAL_Driver/Src/stm32h7xx_hal_uart.o
 .text.UART_DMATransmitCplt
                0x90019ee4       0x50 ./libraries/STM32H7xx_HAL/STM32H7xx_HAL_Driver/Src/stm32h7xx_hal_uart.o
 .text.UART_DMATxHalfCplt
                0x90019f34       0x1c ./libraries/STM32H7xx_HAL/STM32H7xx_HAL_Driver/Src/stm32h7xx_hal_uart.o
 .text.UART_DMAReceiveCplt
                0x90019f50       0x66 ./libraries/STM32H7xx_HAL/STM32H7xx_HAL_Driver/Src/stm32h7xx_hal_uart.o
 .text.UART_DMARxHalfCplt
                0x90019fb6       0x1c ./libraries/STM32H7xx_HAL/STM32H7xx_HAL_Driver/Src/stm32h7xx_hal_uart.o
 .text.UART_DMAError
                0x90019fd2       0x80 ./libraries/STM32H7xx_HAL/STM32H7xx_HAL_Driver/Src/stm32h7xx_hal_uart.o
 .text.UART_DMAAbortOnError
                0x9001a052       0x2c ./libraries/STM32H7xx_HAL/STM32H7xx_HAL_Driver/Src/stm32h7xx_hal_uart.o
 .text.UART_EndTransmit_IT
                0x9001a07e       0x34 ./libraries/STM32H7xx_HAL/STM32H7xx_HAL_Driver/Src/stm32h7xx_hal_uart.o
 .text.HAL_UARTEx_WakeupCallback
                0x9001a0b2       0x14 ./libraries/STM32H7xx_HAL/STM32H7xx_HAL_Driver/Src/stm32h7xx_hal_uart_ex.o
                0x9001a0b2                HAL_UARTEx_WakeupCallback
 .text.HAL_UARTEx_RxFifoFullCallback
                0x9001a0c6       0x14 ./libraries/STM32H7xx_HAL/STM32H7xx_HAL_Driver/Src/stm32h7xx_hal_uart_ex.o
                0x9001a0c6                HAL_UARTEx_RxFifoFullCallback
 .text.HAL_UARTEx_TxFifoEmptyCallback
                0x9001a0da       0x14 ./libraries/STM32H7xx_HAL/STM32H7xx_HAL_Driver/Src/stm32h7xx_hal_uart_ex.o
                0x9001a0da                HAL_UARTEx_TxFifoEmptyCallback
 *fill*         0x9001a0ee        0x2 00000000
 .text.Reset_Handler
                0x9001a0f0       0x4c ./libraries/STM32H7xx_HAL/CMSIS/Device/ST/STM32H7xx/Source/Templates/gcc/startup_stm32h750xx.o
                0x9001a0f0                Reset_Handler
 .text.Default_Handler
                0x9001a13c        0x2 ./libraries/STM32H7xx_HAL/CMSIS/Device/ST/STM32H7xx/Source/Templates/gcc/startup_stm32h750xx.o
                0x9001a13c                RTC_Alarm_IRQHandler
                0x9001a13c                HASH_RNG_IRQHandler
                0x9001a13c                TIM8_CC_IRQHandler
                0x9001a13c                HRTIM1_Master_IRQHandler
                0x9001a13c                DebugMon_Handler
                0x9001a13c                UART8_IRQHandler
                0x9001a13c                SPI4_IRQHandler
                0x9001a13c                TIM1_CC_IRQHandler
                0x9001a13c                BDMA_Channel6_IRQHandler
                0x9001a13c                DMA2_Stream5_IRQHandler
                0x9001a13c                HRTIM1_FLT_IRQHandler
                0x9001a13c                JPEG_IRQHandler
                0x9001a13c                DMA1_Stream5_IRQHandler
                0x9001a13c                BDMA_Channel1_IRQHandler
                0x9001a13c                HRTIM1_TIMD_IRQHandler
                0x9001a13c                TAMP_STAMP_IRQHandler
                0x9001a13c                NMI_Handler
                0x9001a13c                LPTIM4_IRQHandler
                0x9001a13c                TIM8_TRG_COM_TIM14_IRQHandler
                0x9001a13c                LPTIM2_IRQHandler
                0x9001a13c                DFSDM1_FLT1_IRQHandler
                0x9001a13c                DMAMUX2_OVR_IRQHandler
                0x9001a13c                TIM8_UP_TIM13_IRQHandler
                0x9001a13c                I2C3_ER_IRQHandler
                0x9001a13c                DFSDM1_FLT2_IRQHandler
                0x9001a13c                MDMA_IRQHandler
                0x9001a13c                LPTIM3_IRQHandler
                0x9001a13c                HSEM1_IRQHandler
                0x9001a13c                I2C2_EV_IRQHandler
                0x9001a13c                DMA1_Stream2_IRQHandler
                0x9001a13c                FPU_IRQHandler
                0x9001a13c                OTG_HS_WKUP_IRQHandler
                0x9001a13c                FDCAN1_IT1_IRQHandler
                0x9001a13c                UsageFault_Handler
                0x9001a13c                LTDC_ER_IRQHandler
                0x9001a13c                DMA2_Stream2_IRQHandler
                0x9001a13c                HRTIM1_TIME_IRQHandler
                0x9001a13c                SPI1_IRQHandler
                0x9001a13c                TIM6_DAC_IRQHandler
                0x9001a13c                DCMI_IRQHandler
                0x9001a13c                HRTIM1_TIMC_IRQHandler
                0x9001a13c                DMA2_Stream3_IRQHandler
                0x9001a13c                SAI2_IRQHandler
                0x9001a13c                DFSDM1_FLT3_IRQHandler
                0x9001a13c                USART6_IRQHandler
                0x9001a13c                TIM17_IRQHandler
                0x9001a13c                USART3_IRQHandler
                0x9001a13c                BDMA_Channel7_IRQHandler
                0x9001a13c                CRYP_IRQHandler
                0x9001a13c                LPTIM5_IRQHandler
                0x9001a13c                UART5_IRQHandler
                0x9001a13c                ADC3_IRQHandler
                0x9001a13c                DMA2_Stream0_IRQHandler
                0x9001a13c                TIM4_IRQHandler
                0x9001a13c                BDMA_Channel2_IRQHandler
                0x9001a13c                QUADSPI_IRQHandler
                0x9001a13c                I2C1_EV_IRQHandler
                0x9001a13c                DMA1_Stream6_IRQHandler
                0x9001a13c                DMAMUX1_OVR_IRQHandler
                0x9001a13c                DMA1_Stream1_IRQHandler
                0x9001a13c                TIM16_IRQHandler
                0x9001a13c                BDMA_Channel5_IRQHandler
                0x9001a13c                TIM3_IRQHandler
                0x9001a13c                RCC_IRQHandler
                0x9001a13c                TIM8_BRK_TIM12_IRQHandler
                0x9001a13c                TIM1_TRG_COM_IRQHandler
                0x9001a13c                Default_Handler
                0x9001a13c                ECC_IRQHandler
                0x9001a13c                CEC_IRQHandler
                0x9001a13c                BDMA_Channel0_IRQHandler
                0x9001a13c                ADC_IRQHandler
                0x9001a13c                DMA1_Stream7_IRQHandler
                0x9001a13c                HRTIM1_TIMA_IRQHandler
                0x9001a13c                SPI5_IRQHandler
                0x9001a13c                TIM7_IRQHandler
                0x9001a13c                SDMMC1_IRQHandler
                0x9001a13c                TIM5_IRQHandler
                0x9001a13c                DMA2_Stream7_IRQHandler
                0x9001a13c                TIM15_IRQHandler
                0x9001a13c                PVD_AVD_IRQHandler
                0x9001a13c                I2C3_EV_IRQHandler
                0x9001a13c                RTC_WKUP_IRQHandler
                0x9001a13c                LTDC_IRQHandler
                0x9001a13c                SAI3_IRQHandler
                0x9001a13c                ETH_WKUP_IRQHandler
                0x9001a13c                SPDIF_RX_IRQHandler
                0x9001a13c                SPI2_IRQHandler
                0x9001a13c                OTG_HS_EP1_IN_IRQHandler
                0x9001a13c                MemManage_Handler
                0x9001a13c                DMA1_Stream0_IRQHandler
                0x9001a13c                SVC_Handler
                0x9001a13c                CRS_IRQHandler
                0x9001a13c                HRTIM1_TIMB_IRQHandler
                0x9001a13c                FDCAN2_IT1_IRQHandler
                0x9001a13c                ETH_IRQHandler
                0x9001a13c                TIM1_UP_IRQHandler
                0x9001a13c                BDMA_Channel4_IRQHandler
                0x9001a13c                OTG_HS_EP1_OUT_IRQHandler
                0x9001a13c                WWDG_IRQHandler
                0x9001a13c                SPI6_IRQHandler
                0x9001a13c                MDIOS_IRQHandler
                0x9001a13c                I2C4_EV_IRQHandler
                0x9001a13c                FDCAN2_IT0_IRQHandler
                0x9001a13c                LPUART1_IRQHandler
                0x9001a13c                FDCAN1_IT0_IRQHandler
                0x9001a13c                TIM2_IRQHandler
                0x9001a13c                OTG_FS_WKUP_IRQHandler
                0x9001a13c                OTG_HS_IRQHandler
                0x9001a13c                DMA2D_IRQHandler
                0x9001a13c                TIM1_BRK_IRQHandler
                0x9001a13c                SDMMC2_IRQHandler
                0x9001a13c                OTG_FS_EP1_OUT_IRQHandler
                0x9001a13c                BDMA_Channel3_IRQHandler
                0x9001a13c                UART7_IRQHandler
                0x9001a13c                MDIOS_WKUP_IRQHandler
                0x9001a13c                USART2_IRQHandler
                0x9001a13c                DFSDM1_FLT0_IRQHandler
                0x9001a13c                SAI4_IRQHandler
                0x9001a13c                I2C2_ER_IRQHandler
                0x9001a13c                DMA2_Stream1_IRQHandler
                0x9001a13c                FLASH_IRQHandler
                0x9001a13c                DMA2_Stream4_IRQHandler
                0x9001a13c                BusFault_Handler
                0x9001a13c                USART1_IRQHandler
                0x9001a13c                OTG_FS_IRQHandler
                0x9001a13c                SPI3_IRQHandler
                0x9001a13c                WAKEUP_PIN_IRQHandler
                0x9001a13c                DMA1_Stream4_IRQHandler
                0x9001a13c                OTG_FS_EP1_IN_IRQHandler
                0x9001a13c                I2C1_ER_IRQHandler
                0x9001a13c                FMC_IRQHandler
                0x9001a13c                FDCAN_CAL_IRQHandler
                0x9001a13c                SWPMI1_IRQHandler
                0x9001a13c                COMP1_IRQHandler
                0x9001a13c                LPTIM1_IRQHandler
                0x9001a13c                I2C4_ER_IRQHandler
                0x9001a13c                DMA2_Stream6_IRQHandler
                0x9001a13c                SAI1_IRQHandler
                0x9001a13c                DMA1_Stream3_IRQHandler
 *fill*         0x9001a13e        0x2 00000000
 .text.SystemInit
                0x9001a140       0xc4 ./libraries/STM32H7xx_HAL/CMSIS/Device/ST/STM32H7xx/Source/Templates/system_stm32h7xx.o
                0x9001a140                SystemInit
 .text.HAL_MspInit
                0x9001a204       0x34 ./board/CubeMX_Config/Core/Src/stm32h7xx_hal_msp.o
                0x9001a204                HAL_MspInit
 .text.HAL_UART_MspInit
                0x9001a238      0x18c ./board/CubeMX_Config/Core/Src/stm32h7xx_hal_msp.o
                0x9001a238                HAL_UART_MspInit
 .text.system_clock_config